Archive member included because of file (symbol)

C:\devkitPro\libnds\lib\libnds9.a(initSystem.o)
                              c:/devkitpro/devkitarm/bin/../lib/gcc/arm-eabi/4.1.2/../../../../arm-eabi/lib/ds_arm9_crt0.o (initSystem)
C:\devkitPro\libnds\lib\libnds9.a(touch.o)
                              ./main.o (touchReadXY)
C:\devkitPro\libnds\lib\libnds9.a(video.o)
                              ./main.o (vramSetBankA)
C:\devkitPro\libnds\lib\libnds9.a(interrupts.o)
                              ./main.o (irqSet)
C:\devkitPro\libnds\lib\libnds9.a(biosCalls.o)
                              ./main.o (swiDelay)
C:\devkitPro\libnds\lib\libnds9.a(interruptDispatcher.o)
                              C:\devkitPro\libnds\lib\libnds9.a(interrupts.o) (IntrMain)
C:\devkitPro\devkitARM\arm-eabi\lib\libstdc++.a(del_op.o)
                              ./main.o (operator delete(void*))
C:\devkitPro\devkitARM\arm-eabi\lib\libstdc++.a(eh_arm.o)
                              ./main.o (__cxa_end_cleanup)
C:\devkitPro\devkitARM\arm-eabi\lib\libstdc++.a(eh_aux_runtime.o)
                              C:\devkitPro\devkitARM\arm-eabi\lib\libstdc++.a(eh_arm.o) (__cxa_bad_typeid)
C:\devkitPro\devkitARM\arm-eabi\lib\libstdc++.a(eh_globals.o)
                              C:\devkitPro\devkitARM\arm-eabi\lib\libstdc++.a(eh_arm.o) (__cxa_get_globals)
C:\devkitPro\devkitARM\arm-eabi\lib\libstdc++.a(eh_personality.o)
                              ./basicObject.o (__gxx_personality_v0)
C:\devkitPro\devkitARM\arm-eabi\lib\libstdc++.a(eh_terminate.o)
                              C:\devkitPro\devkitARM\arm-eabi\lib\libstdc++.a(eh_arm.o) (std::terminate())
C:\devkitPro\devkitARM\arm-eabi\lib\libstdc++.a(eh_term_handler.o)
                              C:\devkitPro\devkitARM\arm-eabi\lib\libstdc++.a(eh_terminate.o) (__cxxabiv1::__terminate_handler)
C:\devkitPro\devkitARM\arm-eabi\lib\libstdc++.a(eh_throw.o)
                              C:\devkitPro\devkitARM\arm-eabi\lib\libstdc++.a(eh_aux_runtime.o) (__cxa_throw)
C:\devkitPro\devkitARM\arm-eabi\lib\libstdc++.a(eh_unex_handler.o)
                              C:\devkitPro\devkitARM\arm-eabi\lib\libstdc++.a(eh_terminate.o) (__cxxabiv1::__unexpected_handler)
C:\devkitPro\devkitARM\arm-eabi\lib\libstdc++.a(new_op.o)
                              ./main.o (operator new(unsigned int))
C:\devkitPro\devkitARM\arm-eabi\lib\libstdc++.a(tinfo.o)
                              ./main.o (vtable for __cxxabiv1::__class_type_info)
C:\devkitPro\devkitARM\arm-eabi\lib\libstdc++.a(tinfo2.o)
                              C:\devkitPro\devkitARM\arm-eabi\lib\libstdc++.a(eh_arm.o) (typeinfo for void)
C:\devkitPro\devkitARM\arm-eabi\lib\libstdc++.a(vterminate.o)
                              C:\devkitPro\devkitARM\arm-eabi\lib\libstdc++.a(eh_term_handler.o) (__gnu_cxx::__verbose_terminate_handler())
C:\devkitPro\devkitARM\arm-eabi\lib\libstdc++.a(cp-demangle.o)
                              C:\devkitPro\devkitARM\arm-eabi\lib\libstdc++.a(vterminate.o) (__cxa_demangle)
C:\devkitPro\devkitARM\arm-eabi\lib\libstdc++.a(eh_alloc.o)
                              C:\devkitPro\devkitARM\arm-eabi\lib\libstdc++.a(eh_throw.o) (__cxa_free_exception)
C:\devkitPro\devkitARM\arm-eabi\lib\libstdc++.a(eh_call.o)
                              C:\devkitPro\devkitARM\arm-eabi\lib\libstdc++.a(new_op.o) (__cxa_call_unexpected)
C:\devkitPro\devkitARM\arm-eabi\lib\libstdc++.a(eh_catch.o)
                              C:\devkitPro\devkitARM\arm-eabi\lib\libstdc++.a(eh_personality.o) (__cxa_end_catch)
C:\devkitPro\devkitARM\arm-eabi\lib\libstdc++.a(eh_exception.o)
                              C:\devkitPro\devkitARM\arm-eabi\lib\libstdc++.a(tinfo.o) (std::exception::what() const)
C:\devkitPro\devkitARM\arm-eabi\lib\libstdc++.a(eh_type.o)
                              C:\devkitPro\devkitARM\arm-eabi\lib\libstdc++.a(vterminate.o) (__cxa_current_exception_type)
C:\devkitPro\devkitARM\arm-eabi\lib\libstdc++.a(new_handler.o)
                              C:\devkitPro\devkitARM\arm-eabi\lib\libstdc++.a(new_op.o) (__new_handler)
C:\devkitPro\devkitARM\arm-eabi\lib\libm.a(lib_a-s_round.o)
                              ./cDraw.o (round)
C:\devkitPro\devkitARM\arm-eabi\lib\libm.a(lib_a-w_sqrt.o)
                              ./cDraw.o (sqrt)
C:\devkitPro\devkitARM\arm-eabi\lib\libm.a(lib_a-e_sqrt.o)
                              C:\devkitPro\devkitARM\arm-eabi\lib\libm.a(lib_a-w_sqrt.o) (__ieee754_sqrt)
C:\devkitPro\devkitARM\arm-eabi\lib\libm.a(lib_a-s_isnand.o)
                              C:\devkitPro\devkitARM\arm-eabi\lib\libm.a(lib_a-w_sqrt.o) (__isnand)
C:\devkitPro\devkitARM\arm-eabi\lib\libm.a(lib_a-s_lib_ver.o)
                              C:\devkitPro\devkitARM\arm-eabi\lib\libm.a(lib_a-w_sqrt.o) (__fdlib_version)
C:\devkitPro\devkitARM\arm-eabi\lib\libm.a(lib_a-s_matherr.o)
[...]
Memory Configuration

Name             Origin             Length             Attributes
rom              0x08000000         0x02000000
ewram            0x02000000         0x003ff000
dtcm             0x0b000000         0x00004000
itcm             0x01000000         0x00008000
*default*        0x00000000         0xffffffff

Linker script and memory map

                0x01000000                __itcm_start = 0x1000000
                0x023ff000                __ewram_end = 0x23ff000
                0x023ff000                __eheap_end = 0x23ff000
                0x0b000000                __dtcm_start = 0xb000000
                0x0b004000                __dtcm_top = 0xb004000
                0x0b003ff8                __irq_flags = (__dtcm_top - 0x8)
                0x0b003ffc                __irq_vector = (__dtcm_top - 0x4)
                0x0b003f00                __sp_svc = (__dtcm_top - 0x100)
                0x0b003e00                __sp_irq = (__sp_svc - 0x100)
                0x0b003d00                __sp_usr = (__sp_irq - 0x100)

.init           0x02000000      0x2e8
                0x02000000                __text_start = .
 *(.init)
 .init          0x02000000      0x2d0 c:/devkitpro/devkitarm/bin/../lib/gcc/arm-eabi/4.1.2/../../../../arm-eabi/lib/ds_arm9_crt0.o
                0x02000000                _start
 .init          0x020002d0        0xc c:/devkitpro/devkitarm/bin/../lib/gcc/arm-eabi/4.1.2/crti.o
                0x020002d0                _init
 .init          0x020002dc        0xc c:/devkitpro/devkitarm/bin/../lib/gcc/arm-eabi/4.1.2/crtn.o
                0x020002e8                . = ALIGN (0x4)

.plt
 *(.plt)

.text           0x020002f0     0xf8a4
 *(EXCLUDE_FILE(*.itcm*) .text)
 .text          0x020002f0        0x0 c:/devkitpro/devkitarm/bin/../lib/gcc/arm-eabi/4.1.2/../../../../arm-eabi/lib/ds_arm9_crt0.o
 .text          0x020002f0        0x0 c:/devkitpro/devkitarm/bin/../lib/gcc/arm-eabi/4.1.2/crti.o
 .text          0x020002f0       0xa4 c:/devkitpro/devkitarm/bin/../lib/gcc/arm-eabi/4.1.2/crtbegin.o
 .text          0x02000394       0x5c ./basicObject.o
                0x02000394                basicObject::canBeClicked()
                0x020003d0                basicObject::setRange(short, short, short, short)
                0x02000398                basicObject::wasClicked(short, short)
                0x020003e8                basicObject::setStartPos(short, short)
 .text          0x020003f0      0x698 ./cDraw.o
                0x02000448                drawLine(unsigned short*, Point, Point, Color, short)
                0x020006cc                drawPixel(unsigned short*, Point, Color)
                0x020003f0                swap_points(Point*, Point*, int)
                0x02000708                drawCircle(unsigned short*, Point, int, Color, bool)
                0x02000960                drawRectangle(unsigned short*, Point, Point, Color, bool)
                0x02000440                drawDot(unsigned short*, Point, Color, unsigned short, bool)
 .text          0x02000a88       0x3c ./cMath.o
                0x02000a88                gcd(int, int)
 .text          0x02000ac4      0x114 ./cScreenManager.o
                0x02000ac4                cScreenManager::cScreenManager()
                0x02000adc                cScreenManager::setScreenMode(unsigned long, unsigned long, bool)
                0x02000bc0                cScreenManager::cScreenManager()
 .text          0x02000bd8      0x27c ./main.o
                0x02000bd8                initBackground()
                0x02000c30                initVideo(cScreenManager*)
                0x02000c6c                main
 .text          0x02000e54        0x0 ./menuButton.o
 .text          0x02000e54        0x0 ./graphics/menu0.o
 .text          0x02000e54        0x0 ./graphics/menu1.o
 .text          0x02000e54        0x0 ./graphics/menu2.o
 .text          0x02000e54        0x0 ./graphics/menu3.o
 .text          0x02000e54        0x0 ./graphics/minimashers.o
 .text          0x02000e54        0x0 ./graphics/splash.o
 .text          0x02000e54        0x0 ./graphics/title.o
 .text          0x02000e54      0x158 C:\devkitPro\libnds\lib\libnds9.a(initSystem.o)
                0x02000e54                initSystem
 .text          0x02000fac       0x1c C:\devkitPro\libnds\lib\libnds9.a(touch.o)
                0x02000fac                touchReadXY
 .text          0x02000fc8      0x110 C:\devkitPro\libnds\lib\libnds9.a(video.o)
                0x02001088                vramSetBankF
                0x02001018                vramRestoreMainBanks
                0x020010b0                vramSetBankH
                0x02001060                vramSetBankD
                0x02001074                vramSetBankE
                0x0200109c                vramSetBankG
                0x0200100c                vramRestorMainBanks
                0x02001038                vramSetBankB
                0x0200104c                vramSetBankC
                0x020010c4                vramSetBankI
                0x02000fc8                vramSetMainBanks
                0x02001024                vramSetBankA
 .text          0x020010d8      0x208 C:\devkitPro\libnds\lib\libnds9.a(interrupts.o)
                0x02001240                irqEnable
                0x020010dc                irqSet
                0x02001294                irqDisable
                0x02001144                irqInit
                0x020010d8                irqDummy
                0x02001210                irqInitHandler
                0x02001190                irqClear
 .text          0x020012e0       0x70 C:\devkitPro\libnds\lib\libnds9.a(biosCalls.o)
                0x020012f0                swiSleep
                0x0200132a                swiDecompressLZSSVram
                0x02001312                swiFastCopy
                0x02001316                swiSqrt
                0x020012e0                swiSoftReset
                0x0200131a                swiCRC16
                0x0200132e                swiDecompressHuffman
                0x02001346                swiSetHaltCR
                0x020012fc                swiRemainder
                0x02001322                swiUnpackBits
                0x02001326                swiDecompressLZSSWram
                0x02001342                swiDecodeDelta16
                0x020012e4                swiDelay
                0x02001302                swiDivMod
                0x02001336                swiDecompressRLEVram
                0x02001332                swiDecompressRLEWram
                0x0200133e                swiDecodeDelta8
                0x020012f8                swiDivide
                0x020012f4                swiChangeSoundBias
                0x020012ec                swiWaitForVBlank
                0x020012e8                swiIntrWait
                0x0200131e                swiIsDebugger
                0x0200133a                swiWaitForIRQ
                0x0200130e                swiCopy
 .text          0x02001350        0x0 C:\devkitPro\libnds\lib\libnds9.a(interruptDispatcher.o)
 .text          0x02001350       0x1c C:\devkitPro\devkitARM\arm-eabi\lib\libstdc++.a(del_op.o)
                0x02001350                operator delete(void*)
 .text          0x0200136c      0x2d8 C:\devkitPro\devkitARM\arm-eabi\lib\libstdc++.a(eh_arm.o)
                0x0200136c                __cxa_end_cleanup
                0x0200137c                __cxa_begin_cleanup
                0x0200158c                __gnu_end_cleanup
                0x02001438                __cxa_type_match
 .text          0x02001644       0x60 C:\devkitPro\devkitARM\arm-eabi\lib\libstdc++.a(eh_aux_runtime.o)
                0x02001674                __cxa_bad_cast
                0x02001644                __cxa_bad_typeid
 .text          0x020016a4       0x18 C:\devkitPro\devkitARM\arm-eabi\lib\libstdc++.a(eh_globals.o)
                0x020016a4                __cxa_get_globals_fast
                0x020016b0                __cxa_get_globals
 .text          0x020016bc      0x8b0 C:\devkitPro\devkitARM\arm-eabi\lib\libstdc++.a(eh_personality.o)
                0x020019e4                __gxx_personality_v0
 .text          0x02001f6c       0x9c C:\devkitPro\devkitARM\arm-eabi\lib\libstdc++.a(eh_terminate.o)
                0x02001ff0                std::unexpected()
                0x02001f84                std::set_unexpected(void (*)())
                0x02001f6c                std::set_terminate(void (*)())
                0x02001fc4                std::terminate()
                0x02001fdc                __cxxabiv1::__unexpected(void (*)())
                0x02001f9c                __cxxabiv1::__terminate(void (*)())
 .text          0x02002008        0x0 C:\devkitPro\devkitARM\arm-eabi\lib\libstdc++.a(eh_term_handler.o)
 .text          0x02002008      0x178 C:\devkitPro\devkitARM\arm-eabi\lib\libstdc++.a(eh_throw.o)
                0x02002008                __cxa_rethrow
                0x020020b4                __cxa_throw
 .text          0x02002180        0x0 C:\devkitPro\devkitARM\arm-eabi\lib\libstdc++.a(eh_unex_handler.o)
 .text          0x02002180       0xa0 C:\devkitPro\devkitARM\arm-eabi\lib\libstdc++.a(new_op.o)
                0x02002180                operator new(unsigned int)
 .text          0x02002220      0xe90 C:\devkitPro\devkitARM\arm-eabi\lib\libstdc++.a(tinfo.o)
                0x02002228                std::type_info::__is_function_p() const
                0x0200242c                __cxxabiv1::__si_class_type_info::~__si_class_type_info()
                0x02002908                __cxxabiv1::__vmi_class_type_info::__do_upcast(__cxxabiv1::__class_type_info const*, void const*, __cxxabiv1::__class_type_info::__upcast_result&) const
                0x02002754                std::bad_typeid::~bad_typeid()
                0x020027c8                std::bad_cast::~bad_cast()
                0x0200229c                __cxxabiv1::__class_type_info::__do_find_public_src(int, void const*, __cxxabiv1::__class_type_info const*, void const*) const
                0x02002320                __cxxabiv1::__class_type_info::~__class_type_info()
                0x02002394                __cxxabiv1::__vmi_class_type_info::~__vmi_class_type_info()
                0x020026d4                __cxxabiv1::__class_type_info::__do_catch(std::type_info const*, void**, unsigned int) const
                0x020027f4                std::bad_cast::~bad_cast()
                0x02002488                __cxxabiv1::__class_type_info::__do_upcast(__cxxabiv1::__class_type_info const*, void const*, __cxxabiv1::__class_type_info::__upcast_result&) const
                0x02002368                __cxxabiv1::__vmi_class_type_info::~__vmi_class_type_info()
                0x0200283c                __cxxabiv1::__vmi_class_type_info::__do_find_public_src(int, void const*, __cxxabiv1::__class_type_info const*, void const*) const
                0x020022d4                std::type_info::~type_info()
                0x020022b0                std::type_info::~type_info()
                0x02002230                std::type_info::__do_upcast(__cxxabiv1::__class_type_info const*, void**) const
                0x020025fc                __cxxabiv1::__class_type_info::__do_dyncast(int, __cxxabiv1::__class_type_info::__sub_kind, __cxxabiv1::__class_type_info const*, void const*, __cxxabiv1::__class_type_info const*, void const*, __cxxabiv1::__class_type_info::__dyncast_result&) const
                0x020023b8                __cxxabiv1::__vmi_class_type_info::~__vmi_class_type_info()
                0x02002238                __cxxabiv1::__class_type_info::__do_upcast(__cxxabiv1::__class_type_info const*, void**) const
                0x0200251c                __cxxabiv1::__si_class_type_info::__do_dyncast(int, __cxxabiv1::__class_type_info::__sub_kind, __cxxabiv1::__class_type_info const*, void const*, __cxxabiv1::__class_type_info const*, void const*, __cxxabiv1::__class_type_info::__dyncast_result&) const
                0x020022e4                std::type_info::~type_info()
                0x020024c8                __cxxabiv1::__si_class_type_info::__do_upcast(__cxxabiv1::__class_type_info const*, void const*, __cxxabiv1::__class_type_info::__upcast_result&) const
                0x02002408                __cxxabiv1::__si_class_type_info::~__si_class_type_info()
                0x02002220                std::type_info::__is_pointer_p() const
                0x02002818                std::bad_cast::~bad_cast()
                0x020023dc                __cxxabiv1::__si_class_type_info::~__si_class_type_info()
                0x02002344                __cxxabiv1::__class_type_info::~__class_type_info()
                0x02002c18                __cxxabiv1::__vmi_class_type_info::__do_dyncast(int, __cxxabiv1::__class_type_info::__sub_kind, __cxxabiv1::__class_type_info const*, void const*, __cxxabiv1::__class_type_info const*, void const*, __cxxabiv1::__class_type_info::__dyncast_result&) const
                0x02002664                __cxxabiv1::__si_class_type_info::__do_find_public_src(int, void const*, __cxxabiv1::__class_type_info const*, void const*) const
                0x02002780                std::bad_typeid::~bad_typeid()
                0x020027a4                std::bad_typeid::~bad_typeid()
                0x02002450                std::type_info::operator==(std::type_info const&) const
                0x02002af0                __dynamic_cast
                0x0200273c                std::type_info::__do_catch(std::type_info const*, void**, unsigned int) const
                0x020022f4                __cxxabiv1::__class_type_info::~__class_type_info()
 .text          0x020030b0      0x4f4 C:\devkitPro\devkitARM\arm-eabi\lib\libstdc++.a(tinfo2.o)
                0x02003278                __cxxabiv1::__pointer_type_info::~__pointer_type_info()
                0x02003448                __cxxabiv1::__fundamental_type_info::~__fundamental_type_info()
                0x02003164                __cxxabiv1::__pbase_type_info::~__pbase_type_info()
                0x02003310                __cxxabiv1::__enum_type_info::~__enum_type_info()
                0x0200324c                __cxxabiv1::__pointer_type_info::~__pointer_type_info()
                0x0200341c                __cxxabiv1::__fundamental_type_info::~__fundamental_type_info()
                0x02003190                __cxxabiv1::__pbase_type_info::~__pbase_type_info()
                0x02003334                __cxxabiv1::__function_type_info::~__function_type_info()
                0x020030b8                __cxxabiv1::__function_type_info::__is_function_p() const
                0x020032ec                __cxxabiv1::__enum_type_info::~__enum_type_info()
                0x02003490                std::type_info::before(std::type_info const&) const
                0x020031b4                __cxxabiv1::__pbase_type_info::~__pbase_type_info()
                0x02003228                __cxxabiv1::__pointer_to_member_type_info::~__pointer_to_member_type_info()
                0x020030b0                __cxxabiv1::__pointer_type_info::__is_pointer_p() const
                0x0200346c                __cxxabiv1::__fundamental_type_info::~__fundamental_type_info()
                0x020033f8                __cxxabiv1::__array_type_info::~__array_type_info()
                0x0200329c                __cxxabiv1::__pointer_type_info::~__pointer_type_info()
                0x020031d8                __cxxabiv1::__pointer_to_member_type_info::~__pointer_to_member_type_info()
                0x020033d4                __cxxabiv1::__array_type_info::~__array_type_info()
                0x02003204                __cxxabiv1::__pointer_to_member_type_info::~__pointer_to_member_type_info()
                0x020030c0                __cxxabiv1::__pbase_type_info::__do_catch(std::type_info const*, void**, unsigned int) const
                0x020033a8                __cxxabiv1::__array_type_info::~__array_type_info()
                0x020034b4                __cxxabiv1::__pointer_type_info::__pointer_catch(__cxxabiv1::__pbase_type_info const*, void**, unsigned int) const
                0x02003384                __cxxabiv1::__function_type_info::~__function_type_info()
                0x020032c0                __cxxabiv1::__enum_type_info::~__enum_type_info()
                0x02003360                __cxxabiv1::__function_type_info::~__function_type_info()
                0x02003544                __cxxabiv1::__pointer_to_member_type_info::__pointer_catch(__cxxabiv1::__pbase_type_info const*, void**, unsigned int) const
 .text          0x020035a4      0x1a8 C:\devkitPro\devkitARM\arm-eabi\lib\libstdc++.a(vterminate.o)
                0x020035a4                __gnu_cxx::__verbose_terminate_handler()
 .text          0x0200374c     0x4960 C:\devkitPro\devkitARM\arm-eabi\lib\libstdc++.a(cp-demangle.o)
                0x02007fa4                __cxa_demangle
 .text          0x020080ac      0x11c C:\devkitPro\devkitARM\arm-eabi\lib\libstdc++.a(eh_alloc.o)
                0x020080ac                __cxa_free_exception
                0x02008114                __cxa_allocate_exception
 .text          0x020081c8      0x228 C:\devkitPro\devkitARM\arm-eabi\lib\libstdc++.a(eh_call.o)
                0x020081c8                __cxa_call_unexpected
                0x02008374                __cxa_call_terminate
 .text          0x020083f0      0x1fc C:\devkitPro\devkitARM\arm-eabi\lib\libstdc++.a(eh_catch.o)
                0x020083f0                std::uncaught_exception()
                0x020084f8                __cxa_get_exception_ptr
                0x02008414                __cxa_end_catch
                0x02008500                __cxa_begin_catch
 .text          0x020085ec       0xc8 C:\devkitPro\devkitARM\arm-eabi\lib\libstdc++.a(eh_exception.o)
                0x02008630                std::exception::~exception()
                0x020085ec                std::exception::what() const
                0x02008690                std::bad_exception::~bad_exception()
                0x0200866c                std::bad_exception::~bad_exception()
                0x02008640                std::bad_exception::~bad_exception()
                0x02008620                std::exception::~exception()
                0x020085fc                std::exception::~exception()
 .text          0x020086b4       0x2c C:\devkitPro\devkitARM\arm-eabi\lib\libstdc++.a(eh_type.o)
                0x020086b4                __cxa_current_exception_type
 .text          0x020086e0       0x8c C:\devkitPro\devkitARM\arm-eabi\lib\libstdc++.a(new_handler.o)
                0x02008748                std::bad_alloc::~bad_alloc()
                0x020086f8                std::bad_alloc::~bad_alloc()
                0x020086e0                std::set_new_handler(void (*)())
                0x02008724                std::bad_alloc::~bad_alloc()
 .text          0x0200876c      0x10c C:\devkitPro\devkitARM\arm-eabi\lib\libm.a(lib_a-s_round.o)
                0x0200876c                round
 .text          0x02008878      0x124 C:\devkitPro\devkitARM\arm-eabi\lib\libm.a(lib_a-w_sqrt.o)
                0x02008878                sqrt
 .text          0x0200899c      0x274 C:\devkitPro\devkitARM\arm-eabi\lib\libm.a(lib_a-e_sqrt.o)
                0x0200899c                __ieee754_sqrt
 .text          0x02008c10       0x30 C:\devkitPro\devkitARM\arm-eabi\lib\libm.a(lib_a-s_isnand.o)
                0x02008c10                __isnand
 .text          0x02008c40        0x0 C:\devkitPro\devkitARM\arm-eabi\lib\libm.a(lib_a-s_lib_ver.o)
 .text          0x02008c40        0x8 C:\devkitPro\devkitARM\arm-eabi\lib\libm.a(lib_a-s_matherr.o)
                0x02008c40                matherr
 .text          0x02008c48      0x144 C:\devkitPro\devkitARM\lib\gcc\arm-eabi\4.1.2\libgcc.a(_divsi3.o)
                0x02008c48                __aeabi_idiv
                0x02008c48                __divsi3
                0x02008d74                __aeabi_idivmod
 .text          0x02008d8c        0x4 C:\devkitPro\devkitARM\lib\gcc\arm-eabi\4.1.2\libgcc.a(_dvmd_tls.o)
                0x02008d8c                __aeabi_ldiv0
                0x02008d8c                __div0
                0x02008d8c                __aeabi_idiv0
 .text          0x02008d90      0x41c C:\devkitPro\devkitARM\lib\gcc\arm-eabi\4.1.2\libgcc.a(_addsubdf3.o)
                0x0200914c                __floatdidf
                0x020090d0                __floatsidf
                0x020090ac                __aeabi_ui2d
                0x02008d90                __aeabi_drsub
                0x020090f8                __extendsfdf2
                0x02008d9c                __adddf3
                0x020090ac                __floatunsidf
                0x02008d9c                __aeabi_dadd
                0x02009138                __aeabi_ul2d
                0x02008d98                __aeabi_dsub
                0x02009138                __floatundidf
                0x020090d0                __aeabi_i2d
                0x0200914c                __aeabi_l2d
                0x020090f8                __aeabi_f2d
                0x02008d98                __subdf3
 .text          0x020091ac      0x49c C:\devkitPro\devkitARM\lib\gcc\arm-eabi\4.1.2\libgcc.a(_muldivdf3.o)
                0x0200943c                __aeabi_ddiv
                0x020091ac                __aeabi_dmul
                0x0200943c                __divdf3
                0x020091ac                __muldf3
 .text          0x02009648      0x140 C:\devkitPro\devkitARM\lib\gcc\arm-eabi\4.1.2\libgcc.a(_cmpdf2.o)
                0x02009740                __aeabi_dcmple
                0x02009658                __cmpdf2
                0x02009658                __eqdf2
                0x02009648                __gtdf2
                0x020096f8                __aeabi_cdcmple
                0x020096dc                __aeabi_cdrcmple
                0x02009650                __ltdf2
                0x02009728                __aeabi_dcmplt
                0x02009650                __ledf2
                0x02009770                __aeabi_dcmpgt
                0x02009758                __aeabi_dcmpge
                0x02009658                __nedf2
                0x02009710                __aeabi_dcmpeq
                0x020096f8                __aeabi_cdcmpeq
                0x02009648                __gedf2
 .text          0x02009788       0x5c C:\devkitPro\devkitARM\lib\gcc\arm-eabi\4.1.2\libgcc.a(_fixdfsi.o)
                0x02009788                __fixdfsi
                0x02009788                __aeabi_d2iz
 .text          0x020097e4      0xc6c C:\devkitPro\devkitARM\lib\gcc\arm-eabi\4.1.2\libgcc.a(unwind-arm.o)
                0x0200a228                __gnu_Unwind_RaiseException
                0x02009e68                __aeabi_unwind_cpp_pr0
                0x020099a8                _Unwind_GetCFA
                0x02009878                _Unwind_VRS_Set
                0x0200a30c                _Unwind_VRS_Pop
                0x02009e30                __aeabi_unwind_cpp_pr2
                0x020099b4                _Unwind_DeleteException
                0x020099b0                _Unwind_Complete
                0x0200a194                __gnu_Unwind_Resume
                0x0200a104                __gnu_Unwind_ForcedUnwind
                0x0200a2d4                __gnu_Unwind_Resume_or_Rethrow
                0x020099e4                _Unwind_GetTextRelBase
                0x020097f8                _Unwind_VRS_Get
                0x02009e4c                __aeabi_unwind_cpp_pr1
                0x020099f0                _Unwind_GetDataRelBase
 .text          0x0200a450       0xbc C:\devkitPro\devkitARM\lib\gcc\arm-eabi\4.1.2\libgcc.a(libunwind.o)
                0x0200a4e8                ___Unwind_ForcedUnwind
                0x0200a474                __gnu_Unwind_Save_VFP
                0x0200a4c4                _Unwind_Resume_or_Rethrow
                0x0200a4c4                ___Unwind_Resume_or_Rethrow
                0x0200a450                __restore_core_regs
                0x0200a47c                ___Unwind_RaiseException
                0x0200a4a0                ___Unwind_Resume
                0x0200a46c                __gnu_Unwind_Restore_VFP
                0x0200a4a0                _Unwind_Resume
                0x0200a47c                _Unwind_RaiseException
                0x0200a450                restore_core_regs
                0x0200a4e8                _Unwind_ForcedUnwind
 .text          0x0200a50c      0x52c C:\devkitPro\devkitARM\lib\gcc\arm-eabi\4.1.2\libgcc.a(pr-support.o)
                0x0200a5cc                _Unwind_GetRegionStart
                0x0200a5e8                __gnu_unwind_execute
                0x0200a5a0                _Unwind_GetLanguageSpecificData
                0x0200a9f0                __gnu_unwind_frame
 .text          0x0200aa38       0x10 C:\devkitPro\devkitARM\arm-eabi\lib\libc.a(lib_a-abort.o)
                0x0200aa38                abort
 .text          0x0200aa48       0x34 C:\devkitPro\devkitARM\arm-eabi\lib\libc.a(lib_a-assert.o)
                0x0200aa48                __assert
 .text          0x0200aa7c       0x10 C:\devkitPro\devkitARM\arm-eabi\lib\libc.a(lib_a-errno.o)
                0x0200aa7c                __errno
 .text          0x0200aa8c       0x30 C:\devkitPro\devkitARM\arm-eabi\lib\libc.a(lib_a-fiprintf.o)
                0x0200aa8c                fiprintf
 .text          0x0200aabc       0x90 C:\devkitPro\devkitARM\arm-eabi\lib\libc.a(lib_a-fputc.o)
                0x0200ab0c                _fputc_r
                0x0200aabc                fputc
 .text          0x0200ab4c       0x8c C:\devkitPro\devkitARM\arm-eabi\lib\libc.a(lib_a-fputs.o)
                0x0200ab4c                _fputs_r
                0x0200abbc                fputs
 .text          0x0200abd8      0x44c C:\devkitPro\devkitARM\arm-eabi\lib\libc.a(lib_a-fvwrite.o)
                0x0200abd8                __sfvwrite_r
 .text          0x0200b024       0xc8 C:\devkitPro\devkitARM\arm-eabi\lib\libc.a(lib_a-fwrite.o)
                0x0200b024                _fwrite_r
                0x0200b0a8                fwrite
 .text          0x0200b0ec        0x0 C:\devkitPro\devkitARM\arm-eabi\lib\libc.a(lib_a-impure.o)
 .text          0x0200b0ec       0xd4 C:\devkitPro\devkitARM\arm-eabi\lib\libc.a(lib_a-init.o)
                0x0200b138                __libc_init_array
                0x0200b0ec                __libc_fini_array
 .text          0x0200b1c0       0x50 C:\devkitPro\devkitARM\arm-eabi\lib\libc.a(lib_a-malloc.o)
                0x0200b1e8                malloc
                0x0200b1c0                free
 .text          0x0200b210      0x77c C:\devkitPro\devkitARM\arm-eabi\lib\libc.a(lib_a-mallocr.o)
                0x0200b210                _malloc_r
 .text          0x0200b98c      0x108 C:\devkitPro\devkitARM\arm-eabi\lib\libc.a(lib_a-memchr.o)
                0x0200b98c                memchr
 .text          0x0200ba94       0x98 C:\devkitPro\devkitARM\arm-eabi\lib\libc.a(lib_a-memcmp.o)
                0x0200ba94                memcmp
 .text          0x0200bb2c       0x9c C:\devkitPro\devkitARM\arm-eabi\lib\libc.a(lib_a-memcpy.o)
                0x0200bb2c                memcpy
 .text          0x0200bbc8       0xfc C:\devkitPro\devkitARM\arm-eabi\lib\libc.a(lib_a-memmove.o)
                0x0200bbc8                memmove
 .text          0x0200bcc4       0x98 C:\devkitPro\devkitARM\arm-eabi\lib\libc.a(lib_a-memset.o)
                0x0200bcc4                memset
 .text          0x0200bd5c        0x8 C:\devkitPro\devkitARM\arm-eabi\lib\libc.a(lib_a-mlock.o)
                0x0200bd60                __malloc_unlock
                0x0200bd5c                __malloc_lock
 .text          0x0200bd64      0x188 C:\devkitPro\devkitARM\arm-eabi\lib\libc.a(lib_a-putc.o)
                0x0200be30                _putc_r
                0x0200bd64                putc
 .text          0x0200beec       0x30 C:\devkitPro\devkitARM\arm-eabi\lib\libc.a(lib_a-realloc.o)
                0x0200beec                realloc
 .text          0x0200bf1c      0x61c C:\devkitPro\devkitARM\arm-eabi\lib\libc.a(lib_a-reallocr.o)
                0x0200bf1c                _realloc_r
 .text          0x0200c538      0x24c C:\devkitPro\devkitARM\arm-eabi\lib\libc.a(lib_a-signal.o)
                0x0200c70c                _signal_r
                0x0200c644                _raise_r
                0x0200c5a4                __sigtramp_r
                0x0200c768                signal
                0x0200c594                _init_signal
                0x0200c538                _init_signal_r
                0x0200c630                __sigtramp
                0x0200c6f8                raise
 .text          0x0200c784       0x98 C:\devkitPro\devkitARM\arm-eabi\lib\libc.a(lib_a-strcat.o)
                0x0200c784                strcat
 .text          0x0200c81c       0xd0 C:\devkitPro\devkitARM\arm-eabi\lib\libc.a(lib_a-strcmp.o)
                0x0200c81c                strcmp
 .text          0x0200c8ec       0xa0 C:\devkitPro\devkitARM\arm-eabi\lib\libc.a(lib_a-strcpy.o)
                0x0200c8ec                strcpy
 .text          0x0200c98c       0x90 C:\devkitPro\devkitARM\arm-eabi\lib\libc.a(lib_a-strlen.o)
                0x0200c98c                strlen
 .text          0x0200ca1c      0x13c C:\devkitPro\devkitARM\arm-eabi\lib\libc.a(lib_a-strncmp.o)
                0x0200ca1c                strncmp
 .text          0x0200cb58     0x1358 C:\devkitPro\devkitARM\arm-eabi\lib\libc.a(lib_a-vfiprintf.o)
                0x0200de84                vfiprintf
                0x0200cb98                _vfiprintf_r
 .text          0x0200deb0      0x128 C:\devkitPro\devkitARM\arm-eabi\lib\libc.a(lib_a-wbuf.o)
                0x0200deb0                __swbuf_r
                0x0200dfbc                __swbuf
 .text          0x0200dfd8       0x84 C:\devkitPro\devkitARM\arm-eabi\lib\libc.a(lib_a-wcrtomb.o)
                0x0200dfd8                _wcrtomb_r
                0x0200e030                wcrtomb
 .text          0x0200e05c      0x180 C:\devkitPro\devkitARM\arm-eabi\lib\libc.a(lib_a-wcsrtombs.o)
                0x0200e05c                _wcsrtombs_r
                0x0200e198                wcsrtombs
 .text          0x0200e1dc      0x428 C:\devkitPro\devkitARM\arm-eabi\lib\libc.a(lib_a-wctomb_r.o)
                0x0200e1dc                _wctomb_r
 .text          0x0200e604      0x10c C:\devkitPro\devkitARM\arm-eabi\lib\libc.a(lib_a-wsetup.o)
                0x0200e604                __swsetup
 .text          0x0200e710      0x1b8 C:\devkitPro\devkitARM\arm-eabi\lib\libc.a(lib_a-fflush.o)
                0x0200e710                fflush
 .text          0x0200e8c8      0x2bc C:\devkitPro\devkitARM\arm-eabi\lib\libc.a(lib_a-findfp.o)
                0x0200e934                __sinit
                0x0200ea4c                __sfmoreglue
                0x0200ea3c                _cleanup
                0x0200ea1c                _cleanup_r
                0x0200e9f0                __fp_lock_all
                0x0200e924                __sfp_lock_acquire
                0x0200ea9c                __sfp
                0x0200e930                __sinit_lock_release
                0x0200e9c4                __fp_unlock_all
                0x0200e928                __sfp_lock_release
                0x0200e92c                __sinit_lock_acquire
 .text          0x0200eb84      0x3c0 C:\devkitPro\devkitARM\arm-eabi\lib\libc.a(lib_a-freer.o)
                0x0200ec8c                _free_r
                0x0200eb84                _malloc_trim_r
 .text          0x0200ef44      0x11c C:\devkitPro\devkitARM\arm-eabi\lib\libc.a(lib_a-fwalk.o)
                0x0200efd0                _fwalk
                0x0200ef44                _fwalk_reent
 .text          0x0200f060       0xb0 C:\devkitPro\devkitARM\arm-eabi\lib\libc.a(lib_a-locale.o)
                0x0200f08c                _setlocale_r
                0x0200f060                __locale_charset
                0x0200f070                _localeconv_r
                0x0200f0f4                setlocale
                0x0200f07c                localeconv
 .text          0x0200f110      0x168 C:\devkitPro\devkitARM\arm-eabi\lib\libc.a(lib_a-makebuf.o)
                0x0200f110                __smakebuf
 .text          0x0200f278      0x128 C:\devkitPro\devkitARM\arm-eabi\lib\libc.a(lib_a-stdio.o)
                0x0200f2a0                __sseek
                0x0200f358                __sread
                0x0200f278                __sclose
                0x0200f2ec                __swrite
 .text          0x0200f3a0      0x110 C:\devkitPro\devkitARM\arm-eabi\lib\libc.a(lib_a-fclose.o)
                0x0200f3a0                _fclose_r
                0x0200f49c                fclose
 .text          0x0200f4b0      0x114 C:\devkitPro\devkitARM\lib\gcc\arm-eabi\4.1.2\libgcc.a(_udivsi3.o)
                0x0200f4b0                __udivsi3
                0x0200f4b0                __aeabi_uidiv
                0x0200f5ac                __aeabi_uidivmod
 .text          0x0200f5c4       0x60 C:\devkitPro\devkitARM\arm-eabi\lib\libsysbase.a(close.o)
                0x0200f5c4                _close_r
 .text          0x0200f624       0x68 C:\devkitPro\devkitARM\arm-eabi\lib\libsysbase.a(fstat.o)
                0x0200f624                _fstat_r
 .text          0x0200f68c       0x10 C:\devkitPro\devkitARM\arm-eabi\lib\libsysbase.a(getpid.o)
                0x0200f68c                _getpid_r
 .text          0x0200f69c        0x8 C:\devkitPro\devkitARM\arm-eabi\lib\libsysbase.a(isatty.o)
                0x0200f69c                isatty
 .text          0x0200f6a4       0x10 C:\devkitPro\devkitARM\arm-eabi\lib\libsysbase.a(kill.o)
                0x0200f6a4                _kill_r
 .text          0x0200f6b4       0x48 C:\devkitPro\devkitARM\arm-eabi\lib\libsysbase.a(lseek.o)
                0x0200f6b4                _lseek_r
 .text          0x0200f6fc       0x5c C:\devkitPro\devkitARM\arm-eabi\lib\libsysbase.a(read.o)
                0x0200f6fc                _read_r
 .text          0x0200f758       0x80 C:\devkitPro\devkitARM\arm-eabi\lib\libsysbase.a(sbrk.o)
                0x0200f758                _sbrk_r
 .text          0x0200f7d8       0x70 C:\devkitPro\devkitARM\arm-eabi\lib\libsysbase.a(times.o)
                0x0200f7e0                _gettimeofday_r
                0x0200f7d8                _times_r
                0x0200f824                _times
 .text          0x0200f848       0x5c C:\devkitPro\devkitARM\arm-eabi\lib\libsysbase.a(write.o)
                0x0200f848                _write_r
 .text          0x0200f8a4        0x4 C:\devkitPro\devkitARM\arm-eabi\lib\libsysbase.a(_exit.o)
                0x0200f8a4                _exit
 .text          0x0200f8a8        0x0 C:\devkitPro\devkitARM\arm-eabi\lib\libsysbase.a(malloc_vars.o)
 .text          0x0200f8a8       0x7c C:\devkitPro\devkitARM\arm-eabi\lib\libsysbase.a(build_argv.o)
                0x0200f8a8                build_argv
 .text          0x0200f924      0x18c C:\devkitPro\devkitARM\arm-eabi\lib\libsysbase.a(iosupport.o)
                0x0200fa74                RemoveDevice
                0x0200f924                setDefaultDevice
                0x0200f93c                AddDevice
                0x0200f9d0                FindDevice
 .text          0x0200fab0        0x0 c:/devkitpro/devkitarm/bin/../lib/gcc/arm-eabi/4.1.2/crtend.o
 .text          0x0200fab0        0x0 c:/devkitpro/devkitarm/bin/../lib/gcc/arm-eabi/4.1.2/crtn.o
 *(.text.*)
 .text._ZN11basicObjectD0Ev
                0x0200fab0       0x18 ./main.o
                0x0200fab0                basicObject::~basicObject()
 .text._ZN11basicObjectD1Ev
                0x0200fac8        0xc ./main.o
                0x0200fac8                basicObject::~basicObject()
 .text._ZN10MenuButtonD1Ev
                0x0200fad4        0xc ./main.o
                0x0200fad4                MenuButton::~MenuButton()
 .text._ZN10MenuButtonD0Ev
                0x0200fae0       0x18 ./main.o
                0x0200fae0                MenuButton::~MenuButton()
 .text._ZNK10__cxxabiv117__pbase_type_info15__pointer_catchEPKS0_PPvj
                0x0200faf8       0x2c C:\devkitPro\devkitARM\arm-eabi\lib\libstdc++.a(tinfo2.o)
                0x0200faf8                __cxxabiv1::__pbase_type_info::__pointer_catch(__cxxabiv1::__pbase_type_info const*, void**, unsigned int) const
 *(.stub)
 *(.gnu.warning)
 *(.gnu.linkonce.t*)
 *(.glue_7)
 .glue_7        0x0200fb24        0x0 c:/devkitpro/devkitarm/bin/../lib/gcc/arm-eabi/4.1.2/../../../../arm-eabi/lib/ds_arm9_crt0.o
 .glue_7        0x0200fb24        0x0 c:/devkitpro/devkitarm/bin/../lib/gcc/arm-eabi/4.1.2/crti.o
 .glue_7        0x0200fb24        0x0 c:/devkitpro/devkitarm/bin/../lib/gcc/arm-eabi/4.1.2/crtbegin.o
 .glue_7        0x0200fb24        0x0 ./basicObject.o
 .glue_7        0x0200fb24        0x0 ./cDraw.o
 .glue_7        0x0200fb24        0x0 ./cMath.o
 .glue_7        0x0200fb24        0x0 ./cScreenManager.o
 .glue_7        0x0200fb24        0x0 ./main.o
 .glue_7        0x0200fb24        0x0 ./menuButton.o
 .glue_7        0x0200fb24        0x0 ./graphics/menu0.o
 .glue_7        0x0200fb24        0x0 ./graphics/menu1.o
 .glue_7        0x0200fb24        0x0 ./graphics/menu2.o
 .glue_7        0x0200fb24        0x0 ./graphics/menu3.o
 .glue_7        0x0200fb24        0x0 ./graphics/minimashers.o
 .glue_7        0x0200fb24        0x0 ./graphics/splash.o
 .glue_7        0x0200fb24        0x0 ./graphics/title.o
 .glue_7        0x0200fb24        0x0 C:\devkitPro\libnds\lib\libnds9.a(initSystem.o)
 .glue_7        0x0200fb24        0x0 C:\devkitPro\libnds\lib\libnds9.a(touch.o)
 .glue_7        0x0200fb24        0x0 C:\devkitPro\libnds\lib\libnds9.a(video.o)
 .glue_7        0x0200fb24        0x0 C:\devkitPro\libnds\lib\libnds9.a(interrupts.o)
 .glue_7        0x0200fb24        0x0 C:\devkitPro\libnds\lib\libnds9.a(biosCalls.o)
 .glue_7        0x0200fb24        0x0 C:\devkitPro\libnds\lib\libnds9.a(interruptDispatcher.o)
 .glue_7        0x0200fb24        0x0 C:\devkitPro\devkitARM\arm-eabi\lib\libstdc++.a(del_op.o)
 .glue_7        0x0200fb24        0x0 C:\devkitPro\devkitARM\arm-eabi\lib\libstdc++.a(eh_arm.o)
 .glue_7        0x0200fb24        0x0 C:\devkitPro\devkitARM\arm-eabi\lib\libstdc++.a(eh_aux_runtime.o)
 .glue_7        0x0200fb24        0x0 C:\devkitPro\devkitARM\arm-eabi\lib\libstdc++.a(eh_globals.o)
 .glue_7        0x0200fb24        0x0 C:\devkitPro\devkitARM\arm-eabi\lib\libstdc++.a(eh_personality.o)
 .glue_7        0x0200fb24        0x0 C:\devkitPro\devkitARM\arm-eabi\lib\libstdc++.a(eh_terminate.o)
 .glue_7        0x0200fb24        0x0 C:\devkitPro\devkitARM\arm-eabi\lib\libstdc++.a(eh_term_handler.o)
 .glue_7        0x0200fb24        0x0 C:\devkitPro\devkitARM\arm-eabi\lib\libstdc++.a(eh_throw.o)
 .glue_7        0x0200fb24        0x0 C:\devkitPro\devkitARM\arm-eabi\lib\libstdc++.a(eh_unex_handler.o)
 .glue_7        0x0200fb24        0x0 C:\devkitPro\devkitARM\arm-eabi\lib\libstdc++.a(new_op.o)
 .glue_7        0x0200fb24        0x0 C:\devkitPro\devkitARM\arm-eabi\lib\libstdc++.a(tinfo.o)
 .glue_7        0x0200fb24        0x0 C:\devkitPro\devkitARM\arm-eabi\lib\libstdc++.a(tinfo2.o)
 .glue_7        0x0200fb24        0x0 C:\devkitPro\devkitARM\arm-eabi\lib\libstdc++.a(vterminate.o)
 .glue_7        0x0200fb24        0x0 C:\devkitPro\devkitARM\arm-eabi\lib\libstdc++.a(cp-demangle.o)
 .glue_7        0x0200fb24        0x0 C:\devkitPro\devkitARM\arm-eabi\lib\libstdc++.a(eh_alloc.o)
 .glue_7        0x0200fb24        0x0 C:\devkitPro\devkitARM\arm-eabi\lib\libstdc++.a(eh_call.o)
 .glue_7        0x0200fb24        0x0 C:\devkitPro\devkitARM\arm-eabi\lib\libstdc++.a(eh_catch.o)
 .glue_7        0x0200fb24        0x0 C:\devkitPro\devkitARM\arm-eabi\lib\libstdc++.a(eh_exception.o)
 .glue_7        0x0200fb24        0x0 C:\devkitPro\devkitARM\arm-eabi\lib\libstdc++.a(eh_type.o)
 .glue_7        0x0200fb24        0x0 C:\devkitPro\devkitARM\arm-eabi\lib\libstdc++.a(new_handler.o)
 .glue_7        0x0200fb24        0x0 C:\devkitPro\devkitARM\arm-eabi\lib\libm.a(lib_a-s_round.o)
 .glue_7        0x0200fb24        0x0 C:\devkitPro\devkitARM\arm-eabi\lib\libm.a(lib_a-w_sqrt.o)
 .glue_7        0x0200fb24        0x0 C:\devkitPro\devkitARM\arm-eabi\lib\libm.a(lib_a-e_sqrt.o)
 .glue_7        0x0200fb24        0x0 C:\devkitPro\devkitARM\arm-eabi\lib\libm.a(lib_a-s_isnand.o)
 .glue_7        0x0200fb24        0x0 C:\devkitPro\devkitARM\arm-eabi\lib\libm.a(lib_a-s_lib_ver.o)
 .glue_7        0x0200fb24        0x0 C:\devkitPro\devkitARM\arm-eabi\lib\libm.a(lib_a-s_matherr.o)
 .glue_7        0x0200fb24        0x0 C:\devkitPro\devkitARM\lib\gcc\arm-eabi\4.1.2\libgcc.a(_divsi3.o)
 .glue_7        0x0200fb24        0x0 C:\devkitPro\devkitARM\lib\gcc\arm-eabi\4.1.2\libgcc.a(_dvmd_tls.o)
 .glue_7        0x0200fb24        0x0 C:\devkitPro\devkitARM\lib\gcc\arm-eabi\4.1.2\libgcc.a(_addsubdf3.o)
 .glue_7        0x0200fb24        0x0 C:\devkitPro\devkitARM\lib\gcc\arm-eabi\4.1.2\libgcc.a(_muldivdf3.o)
 .glue_7        0x0200fb24        0x0 C:\devkitPro\devkitARM\lib\gcc\arm-eabi\4.1.2\libgcc.a(_cmpdf2.o)
 .glue_7        0x0200fb24        0x0 C:\devkitPro\devkitARM\lib\gcc\arm-eabi\4.1.2\libgcc.a(_fixdfsi.o)
 .glue_7        0x0200fb24        0x0 C:\devkitPro\devkitARM\lib\gcc\arm-eabi\4.1.2\libgcc.a(unwind-arm.o)
 .glue_7        0x0200fb24        0x0 C:\devkitPro\devkitARM\lib\gcc\arm-eabi\4.1.2\libgcc.a(libunwind.o)
 .glue_7        0x0200fb24        0x0 C:\devkitPro\devkitARM\lib\gcc\arm-eabi\4.1.2\libgcc.a(pr-support.o)
 .glue_7        0x0200fb24        0x0 C:\devkitPro\devkitARM\arm-eabi\lib\libc.a(lib_a-abort.o)
 .glue_7        0x0200fb24        0x0 C:\devkitPro\devkitARM\arm-eabi\lib\libc.a(lib_a-assert.o)
 .glue_7        0x0200fb24        0x0 C:\devkitPro\devkitARM\arm-eabi\lib\libc.a(lib_a-errno.o)
 .glue_7        0x0200fb24        0x0 C:\devkitPro\devkitARM\arm-eabi\lib\libc.a(lib_a-fiprintf.o)
 .glue_7        0x0200fb24        0x0 C:\devkitPro\devkitARM\arm-eabi\lib\libc.a(lib_a-fputc.o)
 .glue_7        0x0200fb24        0x0 C:\devkitPro\devkitARM\arm-eabi\lib\libc.a(lib_a-fputs.o)
 .glue_7        0x0200fb24        0x0 C:\devkitPro\devkitARM\arm-eabi\lib\libc.a(lib_a-fvwrite.o)
 .glue_7        0x0200fb24        0x0 C:\devkitPro\devkitARM\arm-eabi\lib\libc.a(lib_a-fwrite.o)
 .glue_7        0x0200fb24        0x0 C:\devkitPro\devkitARM\arm-eabi\lib\libc.a(lib_a-impure.o)
 .glue_7        0x0200fb24        0x0 C:\devkitPro\devkitARM\arm-eabi\lib\libc.a(lib_a-init.o)
 .glue_7        0x0200fb24        0x0 C:\devkitPro\devkitARM\arm-eabi\lib\libc.a(lib_a-malloc.o)
 .glue_7        0x0200fb24        0x0 C:\devkitPro\devkitARM\arm-eabi\lib\libc.a(lib_a-mallocr.o)
 .glue_7        0x0200fb24        0x0 C:\devkitPro\devkitARM\arm-eabi\lib\libc.a(lib_a-memchr.o)
 .glue_7        0x0200fb24        0x0 C:\devkitPro\devkitARM\arm-eabi\lib\libc.a(lib_a-memcmp.o)
 .glue_7        0x0200fb24        0x0 C:\devkitPro\devkitARM\arm-eabi\lib\libc.a(lib_a-memcpy.o)
 .glue_7        0x0200fb24        0x0 C:\devkitPro\devkitARM\arm-eabi\lib\libc.a(lib_a-memmove.o)
 .glue_7        0x0200fb24        0x0 C:\devkitPro\devkitARM\arm-eabi\lib\libc.a(lib_a-memset.o)
 .glue_7        0x0200fb24        0x0 C:\devkitPro\devkitARM\arm-eabi\lib\libc.a(lib_a-mlock.o)
 .glue_7        0x0200fb24        0x0 C:\devkitPro\devkitARM\arm-eabi\lib\libc.a(lib_a-putc.o)
 .glue_7        0x0200fb24        0x0 C:\devkitPro\devkitARM\arm-eabi\lib\libc.a(lib_a-realloc.o)
 .glue_7        0x0200fb24        0x0 C:\devkitPro\devkitARM\arm-eabi\lib\libc.a(lib_a-reallocr.o)
 .glue_7        0x0200fb24        0x0 C:\devkitPro\devkitARM\arm-eabi\lib\libc.a(lib_a-signal.o)
 .glue_7        0x0200fb24        0x0 C:\devkitPro\devkitARM\arm-eabi\lib\libc.a(lib_a-strcat.o)
 .glue_7        0x0200fb24        0x0 C:\devkitPro\devkitARM\arm-eabi\lib\libc.a(lib_a-strcmp.o)
 .glue_7        0x0200fb24        0x0 C:\devkitPro\devkitARM\arm-eabi\lib\libc.a(lib_a-strcpy.o)
 .glue_7        0x0200fb24        0x0 C:\devkitPro\devkitARM\arm-eabi\lib\libc.a(lib_a-strlen.o)
 .glue_7        0x0200fb24        0x0 C:\devkitPro\devkitARM\arm-eabi\lib\libc.a(lib_a-strncmp.o)
 .glue_7        0x0200fb24        0x0 C:\devkitPro\devkitARM\arm-eabi\lib\libc.a(lib_a-vfiprintf.o)
 .glue_7        0x0200fb24        0x0 C:\devkitPro\devkitARM\arm-eabi\lib\libc.a(lib_a-wbuf.o)
 .glue_7        0x0200fb24        0x0 C:\devkitPro\devkitARM\arm-eabi\lib\libc.a(lib_a-wcrtomb.o)
 .glue_7        0x0200fb24        0x0 C:\devkitPro\devkitARM\arm-eabi\lib\libc.a(lib_a-wcsrtombs.o)
 .glue_7        0x0200fb24        0x0 C:\devkitPro\devkitARM\arm-eabi\lib\libc.a(lib_a-wctomb_r.o)
 .glue_7        0x0200fb24        0x0 C:\devkitPro\devkitARM\arm-eabi\lib\libc.a(lib_a-wsetup.o)
 .glue_7        0x0200fb24        0x0 C:\devkitPro\devkitARM\arm-eabi\lib\libc.a(lib_a-fflush.o)
 .glue_7        0x0200fb24        0x0 C:\devkitPro\devkitARM\arm-eabi\lib\libc.a(lib_a-findfp.o)
 .glue_7        0x0200fb24        0x0 C:\devkitPro\devkitARM\arm-eabi\lib\libc.a(lib_a-freer.o)
 .glue_7        0x0200fb24        0x0 C:\devkitPro\devkitARM\arm-eabi\lib\libc.a(lib_a-fwalk.o)
 .glue_7        0x0200fb24        0x0 C:\devkitPro\devkitARM\arm-eabi\lib\libc.a(lib_a-locale.o)
 .glue_7        0x0200fb24        0x0 C:\devkitPro\devkitARM\arm-eabi\lib\libc.a(lib_a-makebuf.o)
 .glue_7        0x0200fb24        0x0 C:\devkitPro\devkitARM\arm-eabi\lib\libc.a(lib_a-stdio.o)
 .glue_7        0x0200fb24        0x0 C:\devkitPro\devkitARM\arm-eabi\lib\libc.a(lib_a-fclose.o)
 .glue_7        0x0200fb24        0x0 C:\devkitPro\devkitARM\lib\gcc\arm-eabi\4.1.2\libgcc.a(_udivsi3.o)
 .glue_7        0x0200fb24        0x0 C:\devkitPro\devkitARM\arm-eabi\lib\libsysbase.a(close.o)
 .glue_7        0x0200fb24        0x0 C:\devkitPro\devkitARM\arm-eabi\lib\libsysbase.a(fstat.o)
 .glue_7        0x0200fb24        0x0 C:\devkitPro\devkitARM\arm-eabi\lib\libsysbase.a(getpid.o)
 .glue_7        0x0200fb24        0x0 C:\devkitPro\devkitARM\arm-eabi\lib\libsysbase.a(isatty.o)
 .glue_7        0x0200fb24        0x0 C:\devkitPro\devkitARM\arm-eabi\lib\libsysbase.a(kill.o)
 .glue_7        0x0200fb24        0x0 C:\devkitPro\devkitARM\arm-eabi\lib\libsysbase.a(lseek.o)
 .glue_7        0x0200fb24        0x0 C:\devkitPro\devkitARM\arm-eabi\lib\libsysbase.a(read.o)
 .glue_7        0x0200fb24        0x0 C:\devkitPro\devkitARM\arm-eabi\lib\libsysbase.a(sbrk.o)
 .glue_7        0x0200fb24        0x0 C:\devkitPro\devkitARM\arm-eabi\lib\libsysbase.a(times.o)
 .glue_7        0x0200fb24        0x0 C:\devkitPro\devkitARM\arm-eabi\lib\libsysbase.a(write.o)
 .glue_7        0x0200fb24        0x0 C:\devkitPro\devkitARM\arm-eabi\lib\libsysbase.a(_exit.o)
 .glue_7        0x0200fb24        0x0 C:\devkitPro\devkitARM\arm-eabi\lib\libsysbase.a(malloc_vars.o)
 .glue_7        0x0200fb24        0x0 C:\devkitPro\devkitARM\arm-eabi\lib\libsysbase.a(build_argv.o)
 .glue_7        0x0200fb24        0x0 C:\devkitPro\devkitARM\arm-eabi\lib\libsysbase.a(iosupport.o)
 .glue_7        0x0200fb24        0x0 c:/devkitpro/devkitarm/bin/../lib/gcc/arm-eabi/4.1.2/crtend.o
 .glue_7        0x0200fb24        0x0 c:/devkitpro/devkitarm/bin/../lib/gcc/arm-eabi/4.1.2/crtn.o
 *(.glue_7t)
 .glue_7t       0x0200fb24        0x0 c:/devkitpro/devkitarm/bin/../lib/gcc/arm-eabi/4.1.2/../../../../arm-eabi/lib/ds_arm9_crt0.o
 .glue_7t       0x0200fb24        0x0 c:/devkitpro/devkitarm/bin/../lib/gcc/arm-eabi/4.1.2/crti.o
 .glue_7t       0x0200fb24        0x0 c:/devkitpro/devkitarm/bin/../lib/gcc/arm-eabi/4.1.2/crtbegin.o
 .glue_7t       0x0200fb24        0x0 ./basicObject.o
 .glue_7t       0x0200fb24        0x0 ./cDraw.o
 .glue_7t       0x0200fb24        0x0 ./cMath.o
 .glue_7t       0x0200fb24        0x0 ./cScreenManager.o
 .glue_7t       0x0200fb24        0x0 ./main.o
 .glue_7t       0x0200fb24        0x0 ./menuButton.o
 .glue_7t       0x0200fb24        0x0 ./graphics/menu0.o
 .glue_7t       0x0200fb24        0x0 ./graphics/menu1.o
 .glue_7t       0x0200fb24        0x0 ./graphics/menu2.o
 .glue_7t       0x0200fb24        0x0 ./graphics/menu3.o
 .glue_7t       0x0200fb24        0x0 ./graphics/minimashers.o
 .glue_7t       0x0200fb24        0x0 ./graphics/splash.o
 .glue_7t       0x0200fb24        0x0 ./graphics/title.o
 .glue_7t       0x0200fb24        0x0 C:\devkitPro\libnds\lib\libnds9.a(initSystem.o)
 .glue_7t       0x0200fb24        0x0 C:\devkitPro\libnds\lib\libnds9.a(touch.o)
 .glue_7t       0x0200fb24        0x0 C:\devkitPro\libnds\lib\libnds9.a(video.o)
 .glue_7t       0x0200fb24        0x0 C:\devkitPro\libnds\lib\libnds9.a(interrupts.o)
 .glue_7t       0x0200fb24        0x0 C:\devkitPro\libnds\lib\libnds9.a(biosCalls.o)
 .glue_7t       0x0200fb24        0x0 C:\devkitPro\libnds\lib\libnds9.a(interruptDispatcher.o)
 .glue_7t       0x0200fb24        0x0 C:\devkitPro\devkitARM\arm-eabi\lib\libstdc++.a(del_op.o)
 .glue_7t       0x0200fb24        0x0 C:\devkitPro\devkitARM\arm-eabi\lib\libstdc++.a(eh_arm.o)
 .glue_7t       0x0200fb24        0x0 C:\devkitPro\devkitARM\arm-eabi\lib\libstdc++.a(eh_aux_runtime.o)
 .glue_7t       0x0200fb24        0x0 C:\devkitPro\devkitARM\arm-eabi\lib\libstdc++.a(eh_globals.o)
 .glue_7t       0x0200fb24        0x0 C:\devkitPro\devkitARM\arm-eabi\lib\libstdc++.a(eh_personality.o)
 .glue_7t       0x0200fb24        0x0 C:\devkitPro\devkitARM\arm-eabi\lib\libstdc++.a(eh_terminate.o)
 .glue_7t       0x0200fb24        0x0 C:\devkitPro\devkitARM\arm-eabi\lib\libstdc++.a(eh_term_handler.o)
 .glue_7t       0x0200fb24        0x0 C:\devkitPro\devkitARM\arm-eabi\lib\libstdc++.a(eh_throw.o)
 .glue_7t       0x0200fb24        0x0 C:\devkitPro\devkitARM\arm-eabi\lib\libstdc++.a(eh_unex_handler.o)
 .glue_7t       0x0200fb24        0x0 C:\devkitPro\devkitARM\arm-eabi\lib\libstdc++.a(new_op.o)
 .glue_7t       0x0200fb24        0x0 C:\devkitPro\devkitARM\arm-eabi\lib\libstdc++.a(tinfo.o)
 .glue_7t       0x0200fb24        0x0 C:\devkitPro\devkitARM\arm-eabi\lib\libstdc++.a(tinfo2.o)
 .glue_7t       0x0200fb24        0x0 C:\devkitPro\devkitARM\arm-eabi\lib\libstdc++.a(vterminate.o)
 .glue_7t       0x0200fb24        0x0 C:\devkitPro\devkitARM\arm-eabi\lib\libstdc++.a(cp-demangle.o)
 .glue_7t       0x0200fb24        0x0 C:\devkitPro\devkitARM\arm-eabi\lib\libstdc++.a(eh_alloc.o)
 .glue_7t       0x0200fb24        0x0 C:\devkitPro\devkitARM\arm-eabi\lib\libstdc++.a(eh_call.o)
 .glue_7t       0x0200fb24        0x0 C:\devkitPro\devkitARM\arm-eabi\lib\libstdc++.a(eh_catch.o)
 .glue_7t       0x0200fb24        0x0 C:\devkitPro\devkitARM\arm-eabi\lib\libstdc++.a(eh_exception.o)
 .glue_7t       0x0200fb24        0x0 C:\devkitPro\devkitARM\arm-eabi\lib\libstdc++.a(eh_type.o)
 .glue_7t       0x0200fb24        0x0 C:\devkitPro\devkitARM\arm-eabi\lib\libstdc++.a(new_handler.o)
 .glue_7t       0x0200fb24        0x0 C:\devkitPro\devkitARM\arm-eabi\lib\libm.a(lib_a-s_round.o)
 .glue_7t       0x0200fb24        0x0 C:\devkitPro\devkitARM\arm-eabi\lib\libm.a(lib_a-w_sqrt.o)
 .glue_7t       0x0200fb24        0x0 C:\devkitPro\devkitARM\arm-eabi\lib\libm.a(lib_a-e_sqrt.o)
 .glue_7t       0x0200fb24        0x0 C:\devkitPro\devkitARM\arm-eabi\lib\libm.a(lib_a-s_isnand.o)
 .glue_7t       0x0200fb24        0x0 C:\devkitPro\devkitARM\arm-eabi\lib\libm.a(lib_a-s_lib_ver.o)
 .glue_7t       0x0200fb24        0x0 C:\devkitPro\devkitARM\arm-eabi\lib\libm.a(lib_a-s_matherr.o)
 .glue_7t       0x0200fb24        0x0 C:\devkitPro\devkitARM\lib\gcc\arm-eabi\4.1.2\libgcc.a(_divsi3.o)
 .glue_7t       0x0200fb24        0x0 C:\devkitPro\devkitARM\lib\gcc\arm-eabi\4.1.2\libgcc.a(_dvmd_tls.o)
 .glue_7t       0x0200fb24        0x0 C:\devkitPro\devkitARM\lib\gcc\arm-eabi\4.1.2\libgcc.a(_addsubdf3.o)
 .glue_7t       0x0200fb24        0x0 C:\devkitPro\devkitARM\lib\gcc\arm-eabi\4.1.2\libgcc.a(_muldivdf3.o)
 .glue_7t       0x0200fb24        0x0 C:\devkitPro\devkitARM\lib\gcc\arm-eabi\4.1.2\libgcc.a(_cmpdf2.o)
 .glue_7t       0x0200fb24        0x0 C:\devkitPro\devkitARM\lib\gcc\arm-eabi\4.1.2\libgcc.a(_fixdfsi.o)
 .glue_7t       0x0200fb24        0x0 C:\devkitPro\devkitARM\lib\gcc\arm-eabi\4.1.2\libgcc.a(unwind-arm.o)
 .glue_7t       0x0200fb24        0x0 C:\devkitPro\devkitARM\lib\gcc\arm-eabi\4.1.2\libgcc.a(libunwind.o)
 .glue_7t       0x0200fb24        0x0 C:\devkitPro\devkitARM\lib\gcc\arm-eabi\4.1.2\libgcc.a(pr-support.o)
 .glue_7t       0x0200fb24        0x0 C:\devkitPro\devkitARM\arm-eabi\lib\libc.a(lib_a-abort.o)
 .glue_7t       0x0200fb24        0x0 C:\devkitPro\devkitARM\arm-eabi\lib\libc.a(lib_a-assert.o)
 .glue_7t       0x0200fb24        0x0 C:\devkitPro\devkitARM\arm-eabi\lib\libc.a(lib_a-errno.o)
 .glue_7t       0x0200fb24        0x0 C:\devkitPro\devkitARM\arm-eabi\lib\libc.a(lib_a-fiprintf.o)
 .glue_7t       0x0200fb24        0x0 C:\devkitPro\devkitARM\arm-eabi\lib\libc.a(lib_a-fputc.o)
 .glue_7t       0x0200fb24        0x0 C:\devkitPro\devkitARM\arm-eabi\lib\libc.a(lib_a-fputs.o)
 .glue_7t       0x0200fb24        0x0 C:\devkitPro\devkitARM\arm-eabi\lib\libc.a(lib_a-fvwrite.o)
 .glue_7t       0x0200fb24        0x0 C:\devkitPro\devkitARM\arm-eabi\lib\libc.a(lib_a-fwrite.o)
 .glue_7t       0x0200fb24        0x0 C:\devkitPro\devkitARM\arm-eabi\lib\libc.a(lib_a-impure.o)
 .glue_7t       0x0200fb24        0x0 C:\devkitPro\devkitARM\arm-eabi\lib\libc.a(lib_a-init.o)
 .glue_7t       0x0200fb24        0x0 C:\devkitPro\devkitARM\arm-eabi\lib\libc.a(lib_a-malloc.o)
 .glue_7t       0x0200fb24        0x0 C:\devkitPro\devkitARM\arm-eabi\lib\libc.a(lib_a-mallocr.o)
 .glue_7t       0x0200fb24        0x0 C:\devkitPro\devkitARM\arm-eabi\lib\libc.a(lib_a-memchr.o)
 .glue_7t       0x0200fb24        0x0 C:\devkitPro\devkitARM\arm-eabi\lib\libc.a(lib_a-memcmp.o)
 .glue_7t       0x0200fb24        0x0 C:\devkitPro\devkitARM\arm-eabi\lib\libc.a(lib_a-memcpy.o)
 .glue_7t       0x0200fb24        0x0 C:\devkitPro\devkitARM\arm-eabi\lib\libc.a(lib_a-memmove.o)
 .glue_7t       0x0200fb24        0x0 C:\devkitPro\devkitARM\arm-eabi\lib\libc.a(lib_a-memset.o)
 .glue_7t       0x0200fb24        0x0 C:\devkitPro\devkitARM\arm-eabi\lib\libc.a(lib_a-mlock.o)
 .glue_7t       0x0200fb24        0x0 C:\devkitPro\devkitARM\arm-eabi\lib\libc.a(lib_a-putc.o)
 .glue_7t       0x0200fb24        0x0 C:\devkitPro\devkitARM\arm-eabi\lib\libc.a(lib_a-realloc.o)
 .glue_7t       0x0200fb24        0x0 C:\devkitPro\devkitARM\arm-eabi\lib\libc.a(lib_a-reallocr.o)
 .glue_7t       0x0200fb24        0x0 C:\devkitPro\devkitARM\arm-eabi\lib\libc.a(lib_a-signal.o)
 .glue_7t       0x0200fb24        0x0 C:\devkitPro\devkitARM\arm-eabi\lib\libc.a(lib_a-strcat.o)
 .glue_7t       0x0200fb24        0x0 C:\devkitPro\devkitARM\arm-eabi\lib\libc.a(lib_a-strcmp.o)
 .glue_7t       0x0200fb24        0x0 C:\devkitPro\devkitARM\arm-eabi\lib\libc.a(lib_a-strcpy.o)
 .glue_7t       0x0200fb24        0x0 C:\devkitPro\devkitARM\arm-eabi\lib\libc.a(lib_a-strlen.o)
 .glue_7t       0x0200fb24        0x0 C:\devkitPro\devkitARM\arm-eabi\lib\libc.a(lib_a-strncmp.o)
 .glue_7t       0x0200fb24        0x0 C:\devkitPro\devkitARM\arm-eabi\lib\libc.a(lib_a-vfiprintf.o)
 .glue_7t       0x0200fb24        0x0 C:\devkitPro\devkitARM\arm-eabi\lib\libc.a(lib_a-wbuf.o)
 .glue_7t       0x0200fb24        0x0 C:\devkitPro\devkitARM\arm-eabi\lib\libc.a(lib_a-wcrtomb.o)
 .glue_7t       0x0200fb24        0x0 C:\devkitPro\devkitARM\arm-eabi\lib\libc.a(lib_a-wcsrtombs.o)
 .glue_7t       0x0200fb24        0x0 C:\devkitPro\devkitARM\arm-eabi\lib\libc.a(lib_a-wctomb_r.o)
 .glue_7t       0x0200fb24        0x0 C:\devkitPro\devkitARM\arm-eabi\lib\libc.a(lib_a-wsetup.o)
 .glue_7t       0x0200fb24        0x0 C:\devkitPro\devkitARM\arm-eabi\lib\libc.a(lib_a-fflush.o)
 .glue_7t       0x0200fb24        0x0 C:\devkitPro\devkitARM\arm-eabi\lib\libc.a(lib_a-findfp.o)
 .glue_7t       0x0200fb24        0x0 C:\devkitPro\devkitARM\arm-eabi\lib\libc.a(lib_a-freer.o)
 .glue_7t       0x0200fb24        0x0 C:\devkitPro\devkitARM\arm-eabi\lib\libc.a(lib_a-fwalk.o)
 .glue_7t       0x0200fb24        0x0 C:\devkitPro\devkitARM\arm-eabi\lib\libc.a(lib_a-locale.o)
 .glue_7t       0x0200fb24        0x0 C:\devkitPro\devkitARM\arm-eabi\lib\libc.a(lib_a-makebuf.o)
 .glue_7t       0x0200fb24        0x0 C:\devkitPro\devkitARM\arm-eabi\lib\libc.a(lib_a-stdio.o)
 .glue_7t       0x0200fb24        0x0 C:\devkitPro\devkitARM\arm-eabi\lib\libc.a(lib_a-fclose.o)
 .glue_7t       0x0200fb24        0x0 C:\devkitPro\devkitARM\lib\gcc\arm-eabi\4.1.2\libgcc.a(_udivsi3.o)
 .glue_7t       0x0200fb24        0x0 C:\devkitPro\devkitARM\arm-eabi\lib\libsysbase.a(close.o)
 .glue_7t       0x0200fb24        0x0 C:\devkitPro\devkitARM\arm-eabi\lib\libsysbase.a(fstat.o)
 .glue_7t       0x0200fb24        0x0 C:\devkitPro\devkitARM\arm-eabi\lib\libsysbase.a(getpid.o)
 .glue_7t       0x0200fb24        0x0 C:\devkitPro\devkitARM\arm-eabi\lib\libsysbase.a(isatty.o)
 .glue_7t       0x0200fb24        0x0 C:\devkitPro\devkitARM\arm-eabi\lib\libsysbase.a(kill.o)
 .glue_7t       0x0200fb24        0x0 C:\devkitPro\devkitARM\arm-eabi\lib\libsysbase.a(lseek.o)
 .glue_7t       0x0200fb24        0x0 C:\devkitPro\devkitARM\arm-eabi\lib\libsysbase.a(read.o)
 .glue_7t       0x0200fb24        0x0 C:\devkitPro\devkitARM\arm-eabi\lib\libsysbase.a(sbrk.o)
 .glue_7t       0x0200fb24        0x0 C:\devkitPro\devkitARM\arm-eabi\lib\libsysbase.a(times.o)
 .glue_7t       0x0200fb24        0x0 C:\devkitPro\devkitARM\arm-eabi\lib\libsysbase.a(write.o)
 .glue_7t       0x0200fb24        0x0 C:\devkitPro\devkitARM\arm-eabi\lib\libsysbase.a(_exit.o)
 .glue_7t       0x0200fb24        0x0 C:\devkitPro\devkitARM\arm-eabi\lib\libsysbase.a(malloc_vars.o)
 .glue_7t       0x0200fb24        0x0 C:\devkitPro\devkitARM\arm-eabi\lib\libsysbase.a(build_argv.o)
 .glue_7t       0x0200fb24        0x0 C:\devkitPro\devkitARM\arm-eabi\lib\libsysbase.a(iosupport.o)
 .glue_7t       0x0200fb24       0x70 c:/devkitpro/devkitarm/bin/../lib/gcc/arm-eabi/4.1.2/crtend.o
                0x0200fb88                ___ZdlPv_change_to_arm
                0x0200fb6c                ____assert_from_thumb
                0x0200fb74                ___Znwj_from_thumb
                0x0200fb5c                __sqrt_from_thumb
                0x0200fb64                ____aeabi_idivmod_from_thumb
                0x0200fb7c                __memcpy_from_thumb
                0x0200fb70                ____assert_change_to_arm
                0x0200fb58                ____aeabi_dadd_change_to_arm
                0x0200fb34                ____aeabi_dmul_from_thumb
                0x0200fb24                ____aeabi_i2d_from_thumb
                0x0200fb48                __round_change_to_arm
                0x0200fb2c                ____aeabi_ddiv_from_thumb
                0x0200fb38                ____aeabi_dmul_change_to_arm
                0x0200fb84                ___ZdlPv_from_thumb
                0x0200fb40                ____aeabi_dsub_change_to_arm
                0x0200fb78                ___Znwj_change_to_arm
                0x0200fb30                ____aeabi_ddiv_change_to_arm
                0x0200fb4c                ____aeabi_d2iz_from_thumb
                0x0200fb8c                ____cxa_end_cleanup_from_thumb
                0x0200fb44                __round_from_thumb
                0x0200fb28                ____aeabi_i2d_change_to_arm
                0x0200fb90                ____cxa_end_cleanup_change_to_arm
                0x0200fb54                ____aeabi_dadd_from_thumb
                0x0200fb60                __sqrt_change_to_arm
                0x0200fb3c                ____aeabi_dsub_from_thumb
                0x0200fb68                ____aeabi_idivmod_change_to_arm
                0x0200fb80                __memcpy_change_to_arm
                0x0200fb50                ____aeabi_d2iz_change_to_arm
 .glue_7t       0x0200fb94        0x0 c:/devkitpro/devkitarm/bin/../lib/gcc/arm-eabi/4.1.2/crtn.o
                0x0200fb94                . = ALIGN (0x4)

.fini           0x0200fb94       0x18
 *(.fini)
 .fini          0x0200fb94        0xc c:/devkitpro/devkitarm/bin/../lib/gcc/arm-eabi/4.1.2/crti.o
                0x0200fb94                _fini
 .fini          0x0200fba0        0xc c:/devkitpro/devkitarm/bin/../lib/gcc/arm-eabi/4.1.2/crtn.o
                0x0200fbac                __text_end = .

.rodata         0x0200fbb0    0xd1698
 *(.rodata)
 .rodata        0x0200fbb0    0x20000 ./graphics/menu0.o
                0x0200fbb0                menu0Bitmap
 .rodata        0x0202fbb0    0x20000 ./graphics/menu1.o
                0x0202fbb0                menu1Bitmap
 .rodata        0x0204fbb0    0x20000 ./graphics/menu2.o
                0x0204fbb0                menu2Bitmap
 .rodata        0x0206fbb0    0x20000 ./graphics/menu3.o
                0x0206fbb0                menu3Bitmap
 .rodata        0x0208fbb0    0x18000 ./graphics/minimashers.o
                0x0208fbb0                minimashersBitmap
 .rodata        0x020a7bb0    0x20000 ./graphics/splash.o
                0x020a7bb0                splashBitmap
 .rodata        0x020c7bb0    0x18000 ./graphics/title.o
                0x020c7bb0                titleBitmap
 .rodata        0x020dfbb0      0x1c8 C:\devkitPro\devkitARM\arm-eabi\lib\libstdc++.a(tinfo.o)
                0x020dfcc4                typeinfo name for __cxxabiv1::__si_class_type_info
                0x020dfd50                typeinfo for std::bad_cast
                0x020dfcb8                typeinfo for __cxxabiv1::__vmi_class_type_info
                0x020dfc70                vtable for std::type_info
                0x020dfbe0                vtable for __cxxabiv1::__si_class_type_info
                0x020dfcf8                typeinfo name for __cxxabiv1::__class_type_info
                0x020dfd5c                typeinfo name for std::type_info
                0x020dfd38                typeinfo for std::bad_typeid
                0x020dfc90                typeinfo name for __cxxabiv1::__vmi_class_type_info
                0x020dfd44                typeinfo name for std::bad_cast
                0x020dfc10                vtable for __cxxabiv1::__class_type_info
                0x020dfc40                vtable for std::bad_typeid
                0x020dfc58                vtable for std::bad_cast
                0x020dfd1c                typeinfo for __cxxabiv1::__class_type_info
                0x020dfbb0                vtable for __cxxabiv1::__vmi_class_type_info
                0x020dfcec                typeinfo for __cxxabiv1::__si_class_type_info
                0x020dfd6c                typeinfo for std::type_info
                0x020dfd28                typeinfo name for std::bad_typeid
 .rodata        0x020dfd78      0x260 C:\devkitPro\devkitARM\arm-eabi\lib\libstdc++.a(tinfo2.o)
                0x020dfd78                vtable for __cxxabiv1::__pointer_to_member_type_info
                0x020dfeac                typeinfo name for __cxxabiv1::__pointer_type_info
                0x020dfe70                typeinfo name for __cxxabiv1::__pointer_to_member_type_info
                0x020dff00                typeinfo for __cxxabiv1::__pbase_type_info
                0x020dfda0                vtable for __cxxabiv1::__pointer_type_info
                0x020dfdc8                vtable for __cxxabiv1::__pbase_type_info
                0x020dfe30                vtable for __cxxabiv1::__array_type_info
                0x020dffc8                typeinfo for __cxxabiv1::__fundamental_type_info
                0x020dfdf0                vtable for __cxxabiv1::__enum_type_info
                0x020dff64                typeinfo for __cxxabiv1::__function_type_info
                0x020dff94                typeinfo for __cxxabiv1::__array_type_info
                0x020dff0c                typeinfo name for __cxxabiv1::__enum_type_info
                0x020dfe10                vtable for __cxxabiv1::__function_type_info
                0x020dfe50                vtable for __cxxabiv1::__fundamental_type_info
                0x020dfea0                typeinfo for __cxxabiv1::__pointer_to_member_type_info
                0x020dfedc                typeinfo name for __cxxabiv1::__pbase_type_info
                0x020dff3c                typeinfo name for __cxxabiv1::__function_type_info
                0x020dff30                typeinfo for __cxxabiv1::__enum_type_info
                0x020dff70                typeinfo name for __cxxabiv1::__array_type_info
                0x020dffa0                typeinfo name for __cxxabiv1::__fundamental_type_info
                0x020dfed0                typeinfo for __cxxabiv1::__pointer_type_info
 .rodata        0x020dffd8      0x5ec C:\devkitPro\devkitARM\arm-eabi\lib\libstdc++.a(cp-demangle.o)
 *fill*         0x020e05c4        0x4 ff
 .rodata        0x020e05c8       0x68 C:\devkitPro\devkitARM\arm-eabi\lib\libstdc++.a(eh_exception.o)
                0x020e05c8                vtable for std::bad_exception
                0x020e0624                typeinfo for std::exception
                0x020e05f4                typeinfo name for std::bad_exception
                0x020e05e0                vtable for std::exception
                0x020e0608                typeinfo for std::bad_exception
                0x020e0614                typeinfo name for std::exception
 .rodata        0x020e0630       0x38 C:\devkitPro\devkitARM\arm-eabi\lib\libstdc++.a(new_handler.o)
                0x020e065c                typeinfo for std::bad_alloc
                0x020e0638                vtable for std::bad_alloc
                0x020e064c                typeinfo name for std::bad_alloc
                0x020e0630                std::nothrow
 .rodata        0x020e0668        0x4 C:\devkitPro\devkitARM\arm-eabi\lib\libc.a(lib_a-impure.o)
                0x020e0668                _global_impure_ptr
 .rodata        0x020e066c       0x20 C:\devkitPro\devkitARM\arm-eabi\lib\libc.a(lib_a-vfiprintf.o)
 .rodata        0x020e068c       0x34 C:\devkitPro\devkitARM\arm-eabi\lib\libc.a(lib_a-locale.o)
 .rodata        0x020e06c0       0x50 C:\devkitPro\devkitARM\arm-eabi\lib\libsysbase.a(iosupport.o)
                0x020e06c0                dotab_stdnull
 *all.rodata*(*)
 *(.roda)
 *(.rodata.*)
 .rodata.str1.4
                0x020e0710       0x1e ./cScreenManager.o
                                 0x20 (size before relaxing)
 *fill*         0x020e072e        0x2 ff
 .rodata._ZTV10MenuButton
                0x020e0730       0x10 ./main.o
                0x020e0730                vtable for MenuButton
 .rodata._ZTI10MenuButton
                0x020e0740        0xc ./main.o
                0x020e0740                typeinfo for MenuButton
 .rodata._ZTS10MenuButton
                0x020e074c       0x10 ./main.o
                0x020e074c                typeinfo name for MenuButton
 .rodata._ZTI11basicObject
                0x020e075c        0x8 ./main.o
                0x020e075c                typeinfo for basicObject
 .rodata._ZTS11basicObject
                0x020e0764       0x10 ./main.o
                0x020e0764                typeinfo name for basicObject
 *fill*         0x020e0774        0x4 ff
 .rodata._ZTV11basicObject
                0x020e0778       0x10 ./main.o
                0x020e0778                vtable for basicObject
 .rodata._ZTIPKe
                0x020e0788       0x10 C:\devkitPro\devkitARM\arm-eabi\lib\libstdc++.a(tinfo2.o)
                0x020e0788                typeinfo for long double const*
 .rodata._ZTIPe
                0x020e0798       0x10 C:\devkitPro\devkitARM\arm-eabi\lib\libstdc++.a(tinfo2.o)
                0x020e0798                typeinfo for long double*
 .rodata._ZTIe  0x020e07a8        0x8 C:\devkitPro\devkitARM\arm-eabi\lib\libstdc++.a(tinfo2.o)
                0x020e07a8                typeinfo for long double
 .rodata._ZTIPKd
                0x020e07b0       0x10 C:\devkitPro\devkitARM\arm-eabi\lib\libstdc++.a(tinfo2.o)
                0x020e07b0                typeinfo for double const*
 .rodata._ZTIPd
                0x020e07c0       0x10 C:\devkitPro\devkitARM\arm-eabi\lib\libstdc++.a(tinfo2.o)
                0x020e07c0                typeinfo for double*
 .rodata._ZTId  0x020e07d0        0x8 C:\devkitPro\devkitARM\arm-eabi\lib\libstdc++.a(tinfo2.o)
                0x020e07d0                typeinfo for double
 .rodata._ZTIPKf
                0x020e07d8       0x10 C:\devkitPro\devkitARM\arm-eabi\lib\libstdc++.a(tinfo2.o)
                0x020e07d8                typeinfo for float const*
 .rodata._ZTIPf
                0x020e07e8       0x10 C:\devkitPro\devkitARM\arm-eabi\lib\libstdc++.a(tinfo2.o)
                0x020e07e8                typeinfo for float*
 .rodata._ZTIf  0x020e07f8        0x8 C:\devkitPro\devkitARM\arm-eabi\lib\libstdc++.a(tinfo2.o)
                0x020e07f8                typeinfo for float
 .rodata._ZTIPKy
                0x020e0800       0x10 C:\devkitPro\devkitARM\arm-eabi\lib\libstdc++.a(tinfo2.o)
                0x020e0800                typeinfo for unsigned long long const*
 .rodata._ZTIPy
                0x020e0810       0x10 C:\devkitPro\devkitARM\arm-eabi\lib\libstdc++.a(tinfo2.o)
                0x020e0810                typeinfo for unsigned long long*
 .rodata._ZTIy  0x020e0820        0x8 C:\devkitPro\devkitARM\arm-eabi\lib\libstdc++.a(tinfo2.o)
                0x020e0820                typeinfo for unsigned long long
 .rodata._ZTIPKx
                0x020e0828       0x10 C:\devkitPro\devkitARM\arm-eabi\lib\libstdc++.a(tinfo2.o)
                0x020e0828                typeinfo for long long const*
 .rodata._ZTIPx
                0x020e0838       0x10 C:\devkitPro\devkitARM\arm-eabi\lib\libstdc++.a(tinfo2.o)
                0x020e0838                typeinfo for long long*
 .rodata._ZTIx  0x020e0848        0x8 C:\devkitPro\devkitARM\arm-eabi\lib\libstdc++.a(tinfo2.o)
                0x020e0848                typeinfo for long long
 .rodata._ZTIPKm
                0x020e0850       0x10 C:\devkitPro\devkitARM\arm-eabi\lib\libstdc++.a(tinfo2.o)
                0x020e0850                typeinfo for unsigned long const*
 .rodata._ZTIPm
                0x020e0860       0x10 C:\devkitPro\devkitARM\arm-eabi\lib\libstdc++.a(tinfo2.o)
                0x020e0860                typeinfo for unsigned long*
 .rodata._ZTIm  0x020e0870        0x8 C:\devkitPro\devkitARM\arm-eabi\lib\libstdc++.a(tinfo2.o)
                0x020e0870                typeinfo for unsigned long
 .rodata._ZTIPKl
                0x020e0878       0x10 C:\devkitPro\devkitARM\arm-eabi\lib\libstdc++.a(tinfo2.o)
                0x020e0878                typeinfo for long const*
 .rodata._ZTIPl
                0x020e0888       0x10 C:\devkitPro\devkitARM\arm-eabi\lib\libstdc++.a(tinfo2.o)
                0x020e0888                typeinfo for long*
 .rodata._ZTIl  0x020e0898        0x8 C:\devkitPro\devkitARM\arm-eabi\lib\libstdc++.a(tinfo2.o)
                0x020e0898                typeinfo for long
 .rodata._ZTIPKj
                0x020e08a0       0x10 C:\devkitPro\devkitARM\arm-eabi\lib\libstdc++.a(tinfo2.o)
                0x020e08a0                typeinfo for unsigned int const*
 .rodata._ZTIPj
                0x020e08b0       0x10 C:\devkitPro\devkitARM\arm-eabi\lib\libstdc++.a(tinfo2.o)
                0x020e08b0                typeinfo for unsigned int*
 .rodata._ZTIj  0x020e08c0        0x8 C:\devkitPro\devkitARM\arm-eabi\lib\libstdc++.a(tinfo2.o)
                0x020e08c0                typeinfo for unsigned int
 .rodata._ZTIPKi
                0x020e08c8       0x10 C:\devkitPro\devkitARM\arm-eabi\lib\libstdc++.a(tinfo2.o)
                0x020e08c8                typeinfo for int const*
 .rodata._ZTIPi
                0x020e08d8       0x10 C:\devkitPro\devkitARM\arm-eabi\lib\libstdc++.a(tinfo2.o)
                0x020e08d8                typeinfo for int*
 .rodata._ZTIi  0x020e08e8        0x8 C:\devkitPro\devkitARM\arm-eabi\lib\libstdc++.a(tinfo2.o)
                0x020e08e8                typeinfo for int
 .rodata._ZTIPKt
                0x020e08f0       0x10 C:\devkitPro\devkitARM\arm-eabi\lib\libstdc++.a(tinfo2.o)
                0x020e08f0                typeinfo for unsigned short const*
 .rodata._ZTIPt
                0x020e0900       0x10 C:\devkitPro\devkitARM\arm-eabi\lib\libstdc++.a(tinfo2.o)
                0x020e0900                typeinfo for unsigned short*
 .rodata._ZTIt  0x020e0910        0x8 C:\devkitPro\devkitARM\arm-eabi\lib\libstdc++.a(tinfo2.o)
                0x020e0910                typeinfo for unsigned short
 .rodata._ZTIPKs
                0x020e0918       0x10 C:\devkitPro\devkitARM\arm-eabi\lib\libstdc++.a(tinfo2.o)
                0x020e0918                typeinfo for short const*
 .rodata._ZTIPs
                0x020e0928       0x10 C:\devkitPro\devkitARM\arm-eabi\lib\libstdc++.a(tinfo2.o)
                0x020e0928                typeinfo for short*
 .rodata._ZTIs  0x020e0938        0x8 C:\devkitPro\devkitARM\arm-eabi\lib\libstdc++.a(tinfo2.o)
                0x020e0938                typeinfo for short
 .rodata._ZTIPKh
                0x020e0940       0x10 C:\devkitPro\devkitARM\arm-eabi\lib\libstdc++.a(tinfo2.o)
                0x020e0940                typeinfo for unsigned char const*
 .rodata._ZTIPh
                0x020e0950       0x10 C:\devkitPro\devkitARM\arm-eabi\lib\libstdc++.a(tinfo2.o)
                0x020e0950                typeinfo for unsigned char*
 .rodata._ZTIh  0x020e0960        0x8 C:\devkitPro\devkitARM\arm-eabi\lib\libstdc++.a(tinfo2.o)
                0x020e0960                typeinfo for unsigned char
 .rodata._ZTIPKa
                0x020e0968       0x10 C:\devkitPro\devkitARM\arm-eabi\lib\libstdc++.a(tinfo2.o)
                0x020e0968                typeinfo for signed char const*
 .rodata._ZTIPa
                0x020e0978       0x10 C:\devkitPro\devkitARM\arm-eabi\lib\libstdc++.a(tinfo2.o)
                0x020e0978                typeinfo for signed char*
 .rodata._ZTIa  0x020e0988        0x8 C:\devkitPro\devkitARM\arm-eabi\lib\libstdc++.a(tinfo2.o)
                0x020e0988                typeinfo for signed char
 .rodata._ZTIPKc
                0x020e0990       0x10 C:\devkitPro\devkitARM\arm-eabi\lib\libstdc++.a(tinfo2.o)
                0x020e0990                typeinfo for char const*
 .rodata._ZTIPc
                0x020e09a0       0x10 C:\devkitPro\devkitARM\arm-eabi\lib\libstdc++.a(tinfo2.o)
                0x020e09a0                typeinfo for char*
 .rodata._ZTIc  0x020e09b0        0x8 C:\devkitPro\devkitARM\arm-eabi\lib\libstdc++.a(tinfo2.o)
                0x020e09b0                typeinfo for char
 .rodata._ZTIPKw
                0x020e09b8       0x10 C:\devkitPro\devkitARM\arm-eabi\lib\libstdc++.a(tinfo2.o)
                0x020e09b8                typeinfo for wchar_t const*
 .rodata._ZTIPw
                0x020e09c8       0x10 C:\devkitPro\devkitARM\arm-eabi\lib\libstdc++.a(tinfo2.o)
                0x020e09c8                typeinfo for wchar_t*
 .rodata._ZTIw  0x020e09d8        0x8 C:\devkitPro\devkitARM\arm-eabi\lib\libstdc++.a(tinfo2.o)
                0x020e09d8                typeinfo for wchar_t
 .rodata._ZTIPKb
                0x020e09e0       0x10 C:\devkitPro\devkitARM\arm-eabi\lib\libstdc++.a(tinfo2.o)
                0x020e09e0                typeinfo for bool const*
 .rodata._ZTIPb
                0x020e09f0       0x10 C:\devkitPro\devkitARM\arm-eabi\lib\libstdc++.a(tinfo2.o)
                0x020e09f0                typeinfo for bool*
 .rodata._ZTIb  0x020e0a00        0x8 C:\devkitPro\devkitARM\arm-eabi\lib\libstdc++.a(tinfo2.o)
                0x020e0a00                typeinfo for bool
 .rodata._ZTIPKv
                0x020e0a08       0x10 C:\devkitPro\devkitARM\arm-eabi\lib\libstdc++.a(tinfo2.o)
                0x020e0a08                typeinfo for void const*
 .rodata._ZTIPv
                0x020e0a18       0x10 C:\devkitPro\devkitARM\arm-eabi\lib\libstdc++.a(tinfo2.o)
                0x020e0a18                typeinfo for void*
 .rodata._ZTIv  0x020e0a28        0x8 C:\devkitPro\devkitARM\arm-eabi\lib\libstdc++.a(tinfo2.o)
                0x020e0a28                typeinfo for void
 .rodata._ZTSPKe
                0x020e0a30        0x4 C:\devkitPro\devkitARM\arm-eabi\lib\libstdc++.a(tinfo2.o)
                0x020e0a30                typeinfo name for long double const*
 .rodata._ZTSPe
                0x020e0a34        0x4 C:\devkitPro\devkitARM\arm-eabi\lib\libstdc++.a(tinfo2.o)
                0x020e0a34                typeinfo name for long double*
 .rodata._ZTSe  0x020e0a38        0x4 C:\devkitPro\devkitARM\arm-eabi\lib\libstdc++.a(tinfo2.o)
                0x020e0a38                typeinfo name for long double
 .rodata._ZTSPKd
                0x020e0a3c        0x4 C:\devkitPro\devkitARM\arm-eabi\lib\libstdc++.a(tinfo2.o)
                0x020e0a3c                typeinfo name for double const*
 .rodata._ZTSPd
                0x020e0a40        0x4 C:\devkitPro\devkitARM\arm-eabi\lib\libstdc++.a(tinfo2.o)
                0x020e0a40                typeinfo name for double*
 .rodata._ZTSd  0x020e0a44        0x4 C:\devkitPro\devkitARM\arm-eabi\lib\libstdc++.a(tinfo2.o)
                0x020e0a44                typeinfo name for double
 .rodata._ZTSPKf
                0x020e0a48        0x4 C:\devkitPro\devkitARM\arm-eabi\lib\libstdc++.a(tinfo2.o)
                0x020e0a48                typeinfo name for float const*
 .rodata._ZTSPf
                0x020e0a4c        0x4 C:\devkitPro\devkitARM\arm-eabi\lib\libstdc++.a(tinfo2.o)
                0x020e0a4c                typeinfo name for float*
 .rodata._ZTSf  0x020e0a50        0x4 C:\devkitPro\devkitARM\arm-eabi\lib\libstdc++.a(tinfo2.o)
                0x020e0a50                typeinfo name for float
 .rodata._ZTSPKy
                0x020e0a54        0x4 C:\devkitPro\devkitARM\arm-eabi\lib\libstdc++.a(tinfo2.o)
                0x020e0a54                typeinfo name for unsigned long long const*
 .rodata._ZTSPy
                0x020e0a58        0x4 C:\devkitPro\devkitARM\arm-eabi\lib\libstdc++.a(tinfo2.o)
                0x020e0a58                typeinfo name for unsigned long long*
 .rodata._ZTSy  0x020e0a5c        0x4 C:\devkitPro\devkitARM\arm-eabi\lib\libstdc++.a(tinfo2.o)
                0x020e0a5c                typeinfo name for unsigned long long
 .rodata._ZTSPKx
                0x020e0a60        0x4 C:\devkitPro\devkitARM\arm-eabi\lib\libstdc++.a(tinfo2.o)
                0x020e0a60                typeinfo name for long long const*
 .rodata._ZTSPx
                0x020e0a64        0x4 C:\devkitPro\devkitARM\arm-eabi\lib\libstdc++.a(tinfo2.o)
                0x020e0a64                typeinfo name for long long*
 .rodata._ZTSx  0x020e0a68        0x4 C:\devkitPro\devkitARM\arm-eabi\lib\libstdc++.a(tinfo2.o)
                0x020e0a68                typeinfo name for long long
 .rodata._ZTSPKm
                0x020e0a6c        0x4 C:\devkitPro\devkitARM\arm-eabi\lib\libstdc++.a(tinfo2.o)
                0x020e0a6c                typeinfo name for unsigned long const*
 .rodata._ZTSPm
                0x020e0a70        0x4 C:\devkitPro\devkitARM\arm-eabi\lib\libstdc++.a(tinfo2.o)
                0x020e0a70                typeinfo name for unsigned long*
 .rodata._ZTSm  0x020e0a74        0x4 C:\devkitPro\devkitARM\arm-eabi\lib\libstdc++.a(tinfo2.o)
                0x020e0a74                typeinfo name for unsigned long
 .rodata._ZTSPKl
                0x020e0a78        0x4 C:\devkitPro\devkitARM\arm-eabi\lib\libstdc++.a(tinfo2.o)
                0x020e0a78                typeinfo name for long const*
 .rodata._ZTSPl
                0x020e0a7c        0x4 C:\devkitPro\devkitARM\arm-eabi\lib\libstdc++.a(tinfo2.o)
                0x020e0a7c                typeinfo name for long*
 .rodata._ZTSl  0x020e0a80        0x4 C:\devkitPro\devkitARM\arm-eabi\lib\libstdc++.a(tinfo2.o)
                0x020e0a80                typeinfo name for long
 .rodata._ZTSPKj
                0x020e0a84        0x4 C:\devkitPro\devkitARM\arm-eabi\lib\libstdc++.a(tinfo2.o)
                0x020e0a84                typeinfo name for unsigned int const*
 .rodata._ZTSPj
                0x020e0a88        0x4 C:\devkitPro\devkitARM\arm-eabi\lib\libstdc++.a(tinfo2.o)
                0x020e0a88                typeinfo name for unsigned int*
 .rodata._ZTSj  0x020e0a8c        0x4 C:\devkitPro\devkitARM\arm-eabi\lib\libstdc++.a(tinfo2.o)
                0x020e0a8c                typeinfo name for unsigned int
 .rodata._ZTSPKi
                0x020e0a90        0x4 C:\devkitPro\devkitARM\arm-eabi\lib\libstdc++.a(tinfo2.o)
                0x020e0a90                typeinfo name for int const*
 .rodata._ZTSPi
                0x020e0a94        0x4 C:\devkitPro\devkitARM\arm-eabi\lib\libstdc++.a(tinfo2.o)
                0x020e0a94                typeinfo name for int*
 .rodata._ZTSi  0x020e0a98        0x4 C:\devkitPro\devkitARM\arm-eabi\lib\libstdc++.a(tinfo2.o)
                0x020e0a98                typeinfo name for int
 .rodata._ZTSPKt
                0x020e0a9c        0x4 C:\devkitPro\devkitARM\arm-eabi\lib\libstdc++.a(tinfo2.o)
                0x020e0a9c                typeinfo name for unsigned short const*
 .rodata._ZTSPt
                0x020e0aa0        0x4 C:\devkitPro\devkitARM\arm-eabi\lib\libstdc++.a(tinfo2.o)
                0x020e0aa0                typeinfo name for unsigned short*
 .rodata._ZTSt  0x020e0aa4        0x4 C:\devkitPro\devkitARM\arm-eabi\lib\libstdc++.a(tinfo2.o)
                0x020e0aa4                typeinfo name for unsigned short
 .rodata._ZTSPKs
                0x020e0aa8        0x4 C:\devkitPro\devkitARM\arm-eabi\lib\libstdc++.a(tinfo2.o)
                0x020e0aa8                typeinfo name for short const*
 .rodata._ZTSPs
                0x020e0aac        0x4 C:\devkitPro\devkitARM\arm-eabi\lib\libstdc++.a(tinfo2.o)
                0x020e0aac                typeinfo name for short*
 .rodata._ZTSs  0x020e0ab0        0x4 C:\devkitPro\devkitARM\arm-eabi\lib\libstdc++.a(tinfo2.o)
                0x020e0ab0                typeinfo name for short
 .rodata._ZTSPKh
                0x020e0ab4        0x4 C:\devkitPro\devkitARM\arm-eabi\lib\libstdc++.a(tinfo2.o)
                0x020e0ab4                typeinfo name for unsigned char const*
 .rodata._ZTSPh
                0x020e0ab8        0x4 C:\devkitPro\devkitARM\arm-eabi\lib\libstdc++.a(tinfo2.o)
                0x020e0ab8                typeinfo name for unsigned char*
 .rodata._ZTSh  0x020e0abc        0x4 C:\devkitPro\devkitARM\arm-eabi\lib\libstdc++.a(tinfo2.o)
                0x020e0abc                typeinfo name for unsigned char
 .rodata._ZTSPKa
                0x020e0ac0        0x4 C:\devkitPro\devkitARM\arm-eabi\lib\libstdc++.a(tinfo2.o)
                0x020e0ac0                typeinfo name for signed char const*
 .rodata._ZTSPa
                0x020e0ac4        0x4 C:\devkitPro\devkitARM\arm-eabi\lib\libstdc++.a(tinfo2.o)
                0x020e0ac4                typeinfo name for signed char*
 .rodata._ZTSa  0x020e0ac8        0x4 C:\devkitPro\devkitARM\arm-eabi\lib\libstdc++.a(tinfo2.o)
                0x020e0ac8                typeinfo name for signed char
 .rodata._ZTSPKc
                0x020e0acc        0x4 C:\devkitPro\devkitARM\arm-eabi\lib\libstdc++.a(tinfo2.o)
                0x020e0acc                typeinfo name for char const*
 .rodata._ZTSPc
                0x020e0ad0        0x4 C:\devkitPro\devkitARM\arm-eabi\lib\libstdc++.a(tinfo2.o)
                0x020e0ad0                typeinfo name for char*
 .rodata._ZTSc  0x020e0ad4        0x4 C:\devkitPro\devkitARM\arm-eabi\lib\libstdc++.a(tinfo2.o)
                0x020e0ad4                typeinfo name for char
 .rodata._ZTSPKw
                0x020e0ad8        0x4 C:\devkitPro\devkitARM\arm-eabi\lib\libstdc++.a(tinfo2.o)
                0x020e0ad8                typeinfo name for wchar_t const*
 .rodata._ZTSPw
                0x020e0adc        0x4 C:\devkitPro\devkitARM\arm-eabi\lib\libstdc++.a(tinfo2.o)
                0x020e0adc                typeinfo name for wchar_t*
 .rodata._ZTSw  0x020e0ae0        0x4 C:\devkitPro\devkitARM\arm-eabi\lib\libstdc++.a(tinfo2.o)
                0x020e0ae0                typeinfo name for wchar_t
 .rodata._ZTSPKb
                0x020e0ae4        0x4 C:\devkitPro\devkitARM\arm-eabi\lib\libstdc++.a(tinfo2.o)
                0x020e0ae4                typeinfo name for bool const*
 .rodata._ZTSPb
                0x020e0ae8        0x4 C:\devkitPro\devkitARM\arm-eabi\lib\libstdc++.a(tinfo2.o)
                0x020e0ae8                typeinfo name for bool*
 .rodata._ZTSb  0x020e0aec        0x4 C:\devkitPro\devkitARM\arm-eabi\lib\libstdc++.a(tinfo2.o)
                0x020e0aec                typeinfo name for bool
 .rodata._ZTSPKv
                0x020e0af0        0x4 C:\devkitPro\devkitARM\arm-eabi\lib\libstdc++.a(tinfo2.o)
                0x020e0af0                typeinfo name for void const*
 .rodata._ZTSPv
                0x020e0af4        0x4 C:\devkitPro\devkitARM\arm-eabi\lib\libstdc++.a(tinfo2.o)
                0x020e0af4                typeinfo name for void*
 .rodata._ZTSv  0x020e0af8        0x4 C:\devkitPro\devkitARM\arm-eabi\lib\libstdc++.a(tinfo2.o)
                0x020e0af8                typeinfo name for void
 .rodata.str1.4
                0x020e0afc       0x92 C:\devkitPro\devkitARM\arm-eabi\lib\libstdc++.a(vterminate.o)
                                 0x94 (size before relaxing)
 *fill*         0x020e0b8e        0x2 ff
 .rodata.str1.4
                0x020e0b90      0x5fc C:\devkitPro\devkitARM\arm-eabi\lib\libstdc++.a(cp-demangle.o)
                                0x630 (size before relaxing)
 .rodata.str1.4
                0x020e118c        0x5 C:\devkitPro\devkitARM\arm-eabi\lib\libm.a(lib_a-w_sqrt.o)
                                  0x8 (size before relaxing)
 *fill*         0x020e1191        0x3 ff
 .rodata.str1.4
                0x020e1194       0x2b C:\devkitPro\devkitARM\arm-eabi\lib\libc.a(lib_a-assert.o)
                                 0x2c (size before relaxing)
 *fill*         0x020e11bf        0x1 ff
 .rodata.str1.4
                0x020e11c0        0x2 C:\devkitPro\devkitARM\arm-eabi\lib\libc.a(lib_a-impure.o)
                                  0x4 (size before relaxing)
 *fill*         0x020e11c2        0x2 ff
 .rodata.str1.4
                0x020e11c4       0x4a C:\devkitPro\devkitARM\arm-eabi\lib\libc.a(lib_a-vfiprintf.o)
                                 0x4c (size before relaxing)
 *fill*         0x020e120e        0x2 ff
 .rodata.str1.4
                0x020e1210       0x1e C:\devkitPro\devkitARM\arm-eabi\lib\libc.a(lib_a-wctomb_r.o)
                                 0x20 (size before relaxing)
 *fill*         0x020e122e        0x2 ff
 .rodata.str1.4
                0x020e1230        0xf C:\devkitPro\devkitARM\arm-eabi\lib\libc.a(lib_a-locale.o)
                                 0x18 (size before relaxing)
 *fill*         0x020e123f        0x1 ff
 .rodata.str1.4
                0x020e1240        0x8 C:\devkitPro\devkitARM\arm-eabi\lib\libsysbase.a(iosupport.o)
 *(.gnu.linkonce.r*)
                0x020e1248                . = ALIGN (0x4)

.ARM.extab      0x020e1248      0x164
 *(.ARM.extab* .gnu.linkonce.armextab.*)
 .ARM.extab     0x020e1248        0x0 ./basicObject.o
 .ARM.extab     0x020e1248       0x24 ./cDraw.o
 .ARM.extab     0x020e126c        0x0 ./cMath.o
 .ARM.extab     0x020e126c        0x0 ./cScreenManager.o
 .ARM.extab     0x020e126c       0x20 ./main.o
 .ARM.extab.text._ZN11basicObjectD0Ev
                0x020e128c        0x0 ./main.o
 .ARM.extab.text._ZN11basicObjectD1Ev
                0x020e128c        0x0 ./main.o
 .ARM.extab.text._ZN10MenuButtonD1Ev
                0x020e128c        0x0 ./main.o
 .ARM.extab.text._ZN10MenuButtonD0Ev
                0x020e128c        0x0 ./main.o
 .ARM.extab     0x020e128c        0x0 C:\devkitPro\devkitARM\arm-eabi\lib\libstdc++.a(del_op.o)
 .ARM.extab     0x020e128c        0x0 C:\devkitPro\devkitARM\arm-eabi\lib\libstdc++.a(eh_arm.o)
 .ARM.extab     0x020e128c        0x0 C:\devkitPro\devkitARM\arm-eabi\lib\libstdc++.a(eh_aux_runtime.o)
 .ARM.extab     0x020e128c        0x0 C:\devkitPro\devkitARM\arm-eabi\lib\libstdc++.a(eh_globals.o)
 .ARM.extab     0x020e128c       0x30 C:\devkitPro\devkitARM\arm-eabi\lib\libstdc++.a(eh_personality.o)
 .ARM.extab     0x020e12bc       0x20 C:\devkitPro\devkitARM\arm-eabi\lib\libstdc++.a(eh_terminate.o)
 .ARM.extab     0x020e12dc        0x0 C:\devkitPro\devkitARM\arm-eabi\lib\libstdc++.a(eh_throw.o)
 .ARM.extab     0x020e12dc       0x24 C:\devkitPro\devkitARM\arm-eabi\lib\libstdc++.a(new_op.o)
 .ARM.extab     0x020e1300        0x0 C:\devkitPro\devkitARM\arm-eabi\lib\libstdc++.a(tinfo.o)
 .ARM.extab     0x020e1300        0x0 C:\devkitPro\devkitARM\arm-eabi\lib\libstdc++.a(tinfo2.o)
 .ARM.extab.text._ZNK10__cxxabiv117__pbase_type_info15__pointer_catchEPKS0_PPvj
                0x020e1300        0x0 C:\devkitPro\devkitARM\arm-eabi\lib\libstdc++.a(tinfo2.o)
 .ARM.extab     0x020e1300       0x40 C:\devkitPro\devkitARM\arm-eabi\lib\libstdc++.a(vterminate.o)
 .ARM.extab     0x020e1340       0x20 C:\devkitPro\devkitARM\arm-eabi\lib\libstdc++.a(eh_alloc.o)
 .ARM.extab     0x020e1360       0x2c C:\devkitPro\devkitARM\arm-eabi\lib\libstdc++.a(eh_call.o)
 .ARM.extab     0x020e138c       0x20 C:\devkitPro\devkitARM\arm-eabi\lib\libstdc++.a(eh_catch.o)
 .ARM.extab     0x020e13ac        0x0 C:\devkitPro\devkitARM\arm-eabi\lib\libstdc++.a(eh_exception.o)
 .ARM.extab     0x020e13ac        0x0 C:\devkitPro\devkitARM\arm-eabi\lib\libstdc++.a(eh_type.o)
 .ARM.extab     0x020e13ac        0x0 C:\devkitPro\devkitARM\arm-eabi\lib\libstdc++.a(new_handler.o)
 .ARM.extab     0x020e13ac        0x0 C:\devkitPro\devkitARM\lib\gcc\arm-eabi\4.1.2\libgcc.a(unwind-arm.o)
 .ARM.extab     0x020e13ac        0x0 C:\devkitPro\devkitARM\lib\gcc\arm-eabi\4.1.2\libgcc.a(pr-support.o)
                0x020e13ac                __exidx_start = .

.ARM.exidx      0x020e13ac      0x508
 *(.ARM.exidx* .gnu.linkonce.armexidx.*)
 .ARM.exidx     0x020e13ac       0x20 ./basicObject.o
 .ARM.exidx     0x020e13cc       0x30 ./cDraw.o
 .ARM.exidx     0x020e13fc        0x8 ./cMath.o
 .ARM.exidx     0x020e1404       0x18 ./cScreenManager.o
 .ARM.exidx     0x020e141c       0x18 ./main.o
 .ARM.exidx.text._ZN11basicObjectD0Ev
                0x020e188c        0x8 ./main.o
 .ARM.exidx.text._ZN11basicObjectD1Ev
                0x020e1894        0x8 ./main.o
 .ARM.exidx.text._ZN10MenuButtonD1Ev
                0x020e189c        0x8 ./main.o
 .ARM.exidx.text._ZN10MenuButtonD0Ev
                0x020e18a4        0x8 ./main.o
 .ARM.exidx     0x020e1434        0x8 C:\devkitPro\devkitARM\arm-eabi\lib\libstdc++.a(del_op.o)
 .ARM.exidx     0x020e143c       0x18 C:\devkitPro\devkitARM\arm-eabi\lib\libstdc++.a(eh_arm.o)
 .ARM.exidx     0x020e1454       0x10 C:\devkitPro\devkitARM\arm-eabi\lib\libstdc++.a(eh_aux_runtime.o)
 .ARM.exidx     0x020e1464       0x10 C:\devkitPro\devkitARM\arm-eabi\lib\libstdc++.a(eh_globals.o)
 .ARM.exidx     0x020e1474       0x30 C:\devkitPro\devkitARM\arm-eabi\lib\libstdc++.a(eh_personality.o)
 .ARM.exidx     0x020e14a4       0x30 C:\devkitPro\devkitARM\arm-eabi\lib\libstdc++.a(eh_terminate.o)
 .ARM.exidx     0x020e14d4       0x18 C:\devkitPro\devkitARM\arm-eabi\lib\libstdc++.a(eh_throw.o)
 .ARM.exidx     0x020e14ec        0x8 C:\devkitPro\devkitARM\arm-eabi\lib\libstdc++.a(new_op.o)
 .ARM.exidx     0x020e14f4      0x118 C:\devkitPro\devkitARM\arm-eabi\lib\libstdc++.a(tinfo.o)
 .ARM.exidx     0x020e160c       0xd8 C:\devkitPro\devkitARM\arm-eabi\lib\libstdc++.a(tinfo2.o)
 .ARM.exidx.text._ZNK10__cxxabiv117__pbase_type_info15__pointer_catchEPKS0_PPvj
                0x020e18ac        0x8 C:\devkitPro\devkitARM\arm-eabi\lib\libstdc++.a(tinfo2.o)
 .ARM.exidx     0x020e16e4        0x8 C:\devkitPro\devkitARM\arm-eabi\lib\libstdc++.a(vterminate.o)
 .ARM.exidx     0x020e16ec       0x10 C:\devkitPro\devkitARM\arm-eabi\lib\libstdc++.a(eh_alloc.o)
 .ARM.exidx     0x020e16fc       0x10 C:\devkitPro\devkitARM\arm-eabi\lib\libstdc++.a(eh_call.o)
 .ARM.exidx     0x020e170c       0x20 C:\devkitPro\devkitARM\arm-eabi\lib\libstdc++.a(eh_catch.o)
 .ARM.exidx     0x020e172c       0x38 C:\devkitPro\devkitARM\arm-eabi\lib\libstdc++.a(eh_exception.o)
 .ARM.exidx     0x020e1764        0x8 C:\devkitPro\devkitARM\arm-eabi\lib\libstdc++.a(eh_type.o)
 .ARM.exidx     0x020e176c       0x20 C:\devkitPro\devkitARM\arm-eabi\lib\libstdc++.a(new_handler.o)
 .ARM.exidx     0x020e178c       0xc8 C:\devkitPro\devkitARM\lib\gcc\arm-eabi\4.1.2\libgcc.a(unwind-arm.o)
 .ARM.exidx     0x020e1854       0x38 C:\devkitPro\devkitARM\lib\gcc\arm-eabi\4.1.2\libgcc.a(pr-support.o)
                0x020e188c                __exidx_end = .
                0x020e188c                . = ALIGN (0x4)
                0x020e188c                PROVIDE (__preinit_array_start, .)

.preinit_array
 *(.preinit_array)
                0x020e188c                PROVIDE (__preinit_array_end, .)
                0x020e188c                PROVIDE (__init_array_start, .)

.init_array     0x020e18b4        0x4
 *(.init_array)
 .init_array    0x020e18b4        0x4 c:/devkitpro/devkitarm/bin/../lib/gcc/arm-eabi/4.1.2/crtbegin.o